Microchip MPLAB XC8 Compiler V2.36

Linker command line:

-W-3 --edf=C:\Program Files\Microchip\xc8\v2.36\pic\dat\en_msgs.txt -cn \
  -h+.ca/dist/Config_2/production\sense_mbus.X.production.sym \
  --cmf=.ca/dist/Config_2/production\sense_mbus.X.production.cmf -z \
  -Q16F1509 -oC:\Users\nikun\AppData\Local\Temp\xcAsc7s.4 \
  --defsym=__MPLAB_BUILD=1 \
  -M.ca/dist/Config_2/production/sense_mbus.X.production.map \
  --md=C:\Users\nikun\AppData\Local\Temp\xcAsc7s.dat -E1 -ver=XC8 Compiler \
  --acfsm=1493 -p_HEFregion_text=1FE0h -ACODE=00h-07FFhx3,01800h-01FDFh \
  -ASTRCODE=00h-01FDFh -ASTRING=00h-0FFhx31,01F00h-01FDFh \
  -ACONST=00h-0FFhx31,01F00h-01FDFh -AENTRY=00h-0FFhx31,01F00h-01FDFh \
  -ACOMMON=070h-07Fh -ABANK0=020h-06Fh -ABANK1=0A0h-0EFh \
  -ABANK2=0120h-016Fh -ABANK3=01A0h-01EFh -ABANK4=0220h-026Fh \
  -ABANK5=02A0h-02EFh -ABANK6=0320h-032Fh -ABIGRAM=02000h-021EFh \
  -ARAM=020h-06Fh,0A0h-0EFh,0120h-016Fh,01A0h-01EFh,0220h-026Fh,02A0h-02EFh,0320h-032Fh \
  -AABS1=020h-07Fh,0A0h-0EFh,0120h-016Fh,01A0h-01EFh,0220h-026Fh,02A0h-02EFh,0320h-032Fh \
  -ASFR0=00h-01Fh -ASFR1=080h-09Fh -ASFR2=0100h-011Fh -ASFR3=0180h-019Fh \
  -ASFR4=0200h-021Fh -ASFR5=0280h-029Fh -ASFR6=0300h-031Fh \
  -ASFR7=0380h-03EFh -ASFR8=0400h-046Fh -ASFR9=0480h-04EFh \
  -ASFR10=0500h-056Fh -ASFR11=0580h-05EFh -ASFR12=0600h-066Fh \
  -ASFR13=0680h-06EFh -ASFR14=0700h-076Fh -ASFR15=0780h-07EFh \
  -ASFR16=0800h-086Fh -ASFR17=0880h-08EFh -ASFR18=0900h-096Fh \
  -ASFR19=0980h-09EFh -ASFR20=0A00h-0A6Fh -ASFR21=0A80h-0AEFh \
  -ASFR22=0B00h-0B6Fh -ASFR23=0B80h-0BEFh -ASFR24=0C00h-0C6Fh \
  -ASFR25=0C80h-0CEFh -ASFR26=0D00h-0D6Fh -ASFR27=0D80h-0DEFh \
  -ASFR28=0E00h-0E6Fh -ASFR29=0E80h-0EEFh -ASFR30=0F00h-0F6Fh \
  -ASFR31=0F80h-0FEFh -ACONFIG=08007h-08008h -DCONFIG=2 \
  -AIDLOC=08000h-08003h -DIDLOC=2 -DCODE=2 -DSTRCODE=2 -DSTRING=2 -DCONST=2 \
  -DENTRY=2 -preset_vec=00h,intentry=04h,init,end_init -ppowerup=CODE \
  -pcinit=CODE -pfunctab=ENTRY -k \
  C:\Users\nikun\AppData\Local\Temp\xcAsc7s.o \
  .ca/dist/Config_2/production\sense_mbus.X.production.o 

Object code version is 3.11

Machine type is 16F1509



                Name                               Link     Load   Length Selector   Space Scale
C:\Users\nikun\AppData\Local\Temp\xcAsc7s.o
                end_init                             32       32        2        8       0
                reset_vec                             0        0        2        0       0
                config                             8007     8007        2        0       4
                idloc                              8000     8000        4        0       5
.ca/dist/Config_2/production\sense_mbus.X.production.o
                cinit                                34       34       2E        8       0
                intentry                              4        4       2E        8       0
                config                             8007     8007        2        0       4
                idloc                              8000     8000        4        0       5
                text96                             1D44     1D44        1     3A88       0
                text95                             1E05     1E05        A     3C0A       0
                text94                             1DC6     1DC6        7     3B8C       0
                text93                             1E23     1E23        B     3C46       0
                text92                             1E0F     1E0F        A     3C1E       0
                text91                             1E5D     1E5D        E     3CBA       0
                text90                             1E2E     1E2E        B     3C5C       0
                text89                             1061     1061       27     20C2       0
                text88                             1681     1681      17F     2D02       0
                text87                             1088     1088       27     2110       0
                text86                             10AF     10AF       28     215E       0
                text84                             1FC1     1FC1       1F     3F82       0
                text83                             1000     1000       1F     1A46       0
                text82                             12A0     12A0       66     2540       0
                text81                             1EE5     1EE5       15     3DCA       0
                text80                             1D4F     1D4F        3     3A9E       0
                text79                             1D52     1D52        3     3AA4       0
                text78                             1D55     1D55        3     3AAA       0
                text77                             1F87     1F87       1C     3F0E       0
                text76                             1D45     1D45        2     3A8A       0
                text75                             1D58     1D58        3     3AB0       0
                text74                             1D5B     1D5B        3     3AB6       0
                text73                             1ED1     1ED1       14     3DA2       0
                text72                             10D7     10D7       28     21AE       0
                text71                             1E39     1E39        C     3C72       0
                text70                             1E89     1E89       12     3D12       0
                text69                             1E9B     1E9B       12     3D36       0
                text68                             1EAD     1EAD       12     3D5A       0
                text67                             1EBF     1EBF       12     3D7E       0
                text66                             1F3B     1F3B       19     3E76       0
                text65                             1D47     1D47        2     3A8E       0
                text64                             1D49     1D49        2     3A92       0
                text63                             1D4B     1D4B        2     3A96       0
                text62                             1D5E     1D5E        4     3ABC       0
                text61                              800      800        3        8       0
                text60                             1D62     1D62        4     3AC4       0
                text59                             1DA8     1DA8        6     3B50       0
                text58                             1DAE     1DAE        6     3B5C       0
                text57                             1D4D     1D4D        2     3A9A       0
                text56                             1128     1128       2F     2250       0
                text55                             1D8A     1D8A        5     3B14       0
                text54                             1DD4     1DD4        8     3BA8       0
                text53                             1DCD     1DCD        7     3B9A       0
                text52                              803      803       4F     1006       0
                text51                              7B5      7B5       47        8       0
                text50                             1DB4     1DB4        6     3B68       0
                text49                             1D66     1D66        4     3ACC       0
                text48                             1D6A     1D6A        4     3AD4       0
                text47                             1D6E     1D6E        4     3ADC       0
                text46                             1D72     1D72        4     3AE4       0
                text45                             1D76     1D76        4     3AEC       0
                text44                             1D7A     1D7A        4     3AF4       0
                text43                             1D7E     1D7E        4     3AFC       0
                text42                             1D8F     1D8F        5     3B1E       0
                text41                             1157     1157       2F     22AE       0
                text40                             10FF     10FF       29     21FE       0
                text39                             1D94     1D94        5     3B28       0
                text38                             1DFC     1DFC        9     3BF8       0
                text37                             1FA3     1FA3       1E     3F46       0
                text36                             1D82     1D82        4     3B04       0
                text35                             1E45     1E45        C     3C8A       0
                text34                             11B9     11B9       3D     2372       0
                text33                             1F6D     1F6D       1A     3EDA       0
                text32                             1E79     1E79       10     3CF2       0
                text31                             1D86     1D86        4     3B0C       0
                text30                             1E51     1E51        C     3CA2       0
                text29                             103F     103F       22     207E       0
                text28                             1E6B     1E6B        E     3CD6       0
                text27                             101F     101F       20     203E       0
                text26                              A6F      A6F      2B4     14DE       0
                text25                              852      852       95     10A4       0
                text24                             1306     1306       79     260C       0
                text23                             1DDC     1DDC        8     3BB8       0
                text22                             1DE4     1DE4        8     3BC8       0
                text21                             1DEC     1DEC        8     3BD8       0
                text20                             1DF4     1DF4        8     3BE8       0
                text19                             1D99     1D99        5     3B32       0
                text18                             11F6     11F6       45     23EC       0
                text17                             1E19     1E19        A     3C32       0
                text16                             1DBA     1DBA        6     3B74       0
                text15                             1F54     1F54       19     3EA8       0
                text14                             1D9E     1D9E        5     3B3C       0
                text13                             1EFA     1EFA       15     3DF4       0
                text12                             1DA3     1DA3        5     3B46       0
                text11                             1F24     1F24       17     3E48       0
                text10                              7FC      7FC        4        8       0
                text9                              1F0F     1F0F       15     3E1E       0
                text8                              137F     137F       7B     26FE       0
                text7                              1508     1508      179     2A10       0
                text6                               5D4      5D4      1E1        8       0
                text5                              1186     1186       33     230C       0
                text4                                62       62      572        8       0
                text3                               8E7      8E7      188     11CE       0
                text2                              123B     123B       65     2476       0
                text1                              13FA     13FA      10E     27F4       0
                maintext                            D23      D23      2DD     1A46       0
                cstackBANK0                          20       20       31       20       1
                cstackCOMMON                         70       70        A       70       1
                cstackBANK1                          A0       A0       4E       A0       1
                cstackBANK2                         120      120       4E      120       1
                cstackBANK3                         1D2      1D2       1A      1A0       1
                clrtext                            1DC0     1DC0        6     3B80       0
                bssBANK5                            2A0      2A0       40      2A0       1
                bssBANK4                            220      220       4D      220       1
                bssBANK3                            1A0      1A0       32      1A0       1
                bssBANK2                            16E      16E        2      120       1
                bssBANK0                             51       51        D       20       1
                dataCOMMON                           7A       7A        2       70       1
                nvBANK5                             2E0      2E0        2      2A0       1
                nvBANK4                             26D      26D        2      220       1
                nvBANK3                             1EC      1EC        4      1A0       1
                nvBANK1                              EE       EE        1       A0       1
                nvBANK0                              5E       5E        9       20       1
                _HEFregion_text                    1FE0     1FE0       40     3FC0       0
                stringtext7                        1834     1834        4     3000       0
                stringtext6                        1830     1830        4     3000       0
                stringtext5                        182C     182C        4     3000       0
                stringtext4                        1828     1828        4     3000       0
                stringtext3                        1824     1824        4     3000       0
                stringtext2                        1820     1820        4     3000       0
                stringtext1                        1800     1800       20     3000       0
                idataCOMMON                           2        2        2        0       0

TOTAL           Name                               Link     Load   Length     Space
        CLASS   CODE           
                end_init                             32       32        2         0
                cinit                                34       34       2E         0
                intentry                              4        4       2E         0
                reset_vec                             0        0        2         0
                text96                             1D44     1D44        1         0
                text95                             1E05     1E05        A         0
                text94                             1DC6     1DC6        7         0
                text93                             1E23     1E23        B         0
                text92                             1E0F     1E0F        A         0
                text91                             1E5D     1E5D        E         0
                text90                             1E2E     1E2E        B         0
                text89                             1061     1061       27         0
                text88                             1681     1681      17F         0
                text87                             1088     1088       27         0
                text86                             10AF     10AF       28         0
                text84                             1FC1     1FC1       1F         0
                text83                             1000     1000       1F         0
                text82                             12A0     12A0       66         0
                text81                             1EE5     1EE5       15         0
                text80                             1D4F     1D4F        3         0
                text79                             1D52     1D52        3         0
                text78                             1D55     1D55        3         0
                text77                             1F87     1F87       1C         0
                text76                             1D45     1D45        2         0
                text75                             1D58     1D58        3         0
                text74                             1D5B     1D5B        3         0
                text73                             1ED1     1ED1       14         0
                text72                             10D7     10D7       28         0
                text71                             1E39     1E39        C         0
                text70                             1E89     1E89       12         0
                text69                             1E9B     1E9B       12         0
                text68                             1EAD     1EAD       12         0
                text67                             1EBF     1EBF       12         0
                text66                             1F3B     1F3B       19         0
                text65                             1D47     1D47        2         0
                text64                             1D49     1D49        2         0
                text63                             1D4B     1D4B        2         0
                text62                             1D5E     1D5E        4         0
                text61                              800      800        3         0
                text60                             1D62     1D62        4         0
                text59                             1DA8     1DA8        6         0
                text58                             1DAE     1DAE        6         0
                text57                             1D4D     1D4D        2         0
                text56                             1128     1128       2F         0
                text55                             1D8A     1D8A        5         0
                text54                             1DD4     1DD4        8         0
                text53                             1DCD     1DCD        7         0
                text52                              803      803       4F         0
                text51                              7B5      7B5       47         0
                text50                             1DB4     1DB4        6         0
                text49                             1D66     1D66        4         0
                text48                             1D6A     1D6A        4         0
                text47                             1D6E     1D6E        4         0
                text46                             1D72     1D72        4         0
                text45                             1D76     1D76        4         0
                text44                             1D7A     1D7A        4         0
                text43                             1D7E     1D7E        4         0
                text42                             1D8F     1D8F        5         0
                text41                             1157     1157       2F         0
                text40                             10FF     10FF       29         0
                text39                             1D94     1D94        5         0
                text38                             1DFC     1DFC        9         0
                text37                             1FA3     1FA3       1E         0
                text36                             1D82     1D82        4         0
                text35                             1E45     1E45        C         0
                text34                             11B9     11B9       3D         0
                text33                             1F6D     1F6D       1A         0
                text32                             1E79     1E79       10         0
                text31                             1D86     1D86        4         0
                text30                             1E51     1E51        C         0
                text29                             103F     103F       22         0
                text28                             1E6B     1E6B        E         0
                text27                             101F     101F       20         0
                text26                              A6F      A6F      2B4         0
                text25                              852      852       95         0
                text24                             1306     1306       79         0
                text23                             1DDC     1DDC        8         0
                text22                             1DE4     1DE4        8         0
                text21                             1DEC     1DEC        8         0
                text20                             1DF4     1DF4        8         0
                text19                             1D99     1D99        5         0
                text18                             11F6     11F6       45         0
                text17                             1E19     1E19        A         0
                text16                             1DBA     1DBA        6         0
                text15                             1F54     1F54       19         0
                text14                             1D9E     1D9E        5         0
                text13                             1EFA     1EFA       15         0
                text12                             1DA3     1DA3        5         0
                text11                             1F24     1F24       17         0
                text10                              7FC      7FC        4         0
                text9                              1F0F     1F0F       15         0
                text8                              137F     137F       7B         0
                text7                              1508     1508      179         0
                text6                               5D4      5D4      1E1         0
                text5                              1186     1186       33         0
                text4                                62       62      572         0
                text3                               8E7      8E7      188         0
                text2                              123B     123B       65         0
                text1                              13FA     13FA      10E         0
                maintext                            D23      D23      2DD         0
                clrtext                            1DC0     1DC0        6         0
                idataCOMMON                           2        2        2         0

        CLASS   STRCODE        
                _HEFregion_text                    1FE0     1FE0       40         0
                stringtext7                        1834     1834        4         0
                stringtext6                        1830     1830        4         0
                stringtext5                        182C     182C        4         0
                stringtext4                        1828     1828        4         0
                stringtext3                        1824     1824        4         0
                stringtext2                        1820     1820        4         0
                stringtext1                        1800     1800       20         0

        CLASS   STRING         

        CLASS   CONST          

        CLASS   ENTRY          

        CLASS   COMMON         
                cstackCOMMON                         70       70        A         1
                dataCOMMON                           7A       7A        2         1

        CLASS   BANK0          
                cstackBANK0                          20       20       31         1
                bssBANK0                             51       51        D         1
                nvBANK0                              5E       5E        9         1

        CLASS   BANK1          
                cstackBANK1                          A0       A0       4E         1
                nvBANK1                              EE       EE        1         1

        CLASS   BANK2          
                cstackBANK2                         120      120       4E         1
                bssBANK2                            16E      16E        2         1

        CLASS   BANK3          
                cstackBANK3                         1D2      1D2       1A         1
                bssBANK3                            1A0      1A0       32         1
                nvBANK3                             1EC      1EC        4         1

        CLASS   BANK4          
                bssBANK4                            220      220       4D         1
                nvBANK4                             26D      26D        2         1

        CLASS   BANK5          
                bssBANK5                            2A0      2A0       40         1
                nvBANK5                             2E0      2E0        2         1

        CLASS   BANK6          

        CLASS   BIGRAM         

        CLASS   RAM            

        CLASS   ABS1           
                abs_s1                               7E       7E        2         1

        CLASS   SFR0           

        CLASS   SFR1           

        CLASS   SFR2           

        CLASS   SFR3           

        CLASS   SFR4           

        CLASS   SFR5           

        CLASS   SFR6           

        CLASS   SFR7           

        CLASS   SFR8           

        CLASS   SFR9           

        CLASS   SFR10          

        CLASS   SFR11          

        CLASS   SFR12          

        CLASS   SFR13          

        CLASS   SFR14          

        CLASS   SFR15          

        CLASS   SFR16          

        CLASS   SFR17          

        CLASS   SFR18          

        CLASS   SFR19          

        CLASS   SFR20          

        CLASS   SFR21          

        CLASS   SFR22          

        CLASS   SFR23          

        CLASS   SFR24          

        CLASS   SFR25          

        CLASS   SFR26          

        CLASS   SFR27          

        CLASS   SFR28          

        CLASS   SFR29          

        CLASS   SFR30          

        CLASS   SFR31          

        CLASS   CONFIG         
                config                             8007     8007        2         4

        CLASS   IDLOC          
                idloc                              8000     8000        4         5

        CLASS   BANK31         

        CLASS   BANK30         

        CLASS   BANK29         

        CLASS   BANK28         

        CLASS   BANK27         

        CLASS   BANK26         

        CLASS   BANK25         

        CLASS   BANK24         

        CLASS   BANK23         

        CLASS   BANK22         

        CLASS   BANK21         

        CLASS   BANK20         

        CLASS   BANK19         

        CLASS   BANK18         

        CLASS   BANK17         

        CLASS   BANK16         

        CLASS   BANK15         

        CLASS   BANK14         

        CLASS   BANK13         

        CLASS   BANK12         

        CLASS   BANK11         

        CLASS   BANK10         

        CLASS   BANK9          

        CLASS   BANK8          

        CLASS   BANK7          

        CLASS   HEAP           

        CLASS   STACK          

        CLASS   EEDATA         



SEGMENTS        Name                           Load    Length   Top    Selector   Space  Class     Delta

                reset_vec                      000000  000004  000004         0       0  CODE        2
                intentry                       000004  0007FF  000803         8       0  CODE        2
                cstackBANK0                    000020  000047  000067        20       1  BANK0       1
                cstackCOMMON                   000070  00000C  00007C        70       1  COMMON      1
                cstackBANK1                    0000A0  00004F  0000EF        A0       1  BANK1       1
                cstackBANK2                    000120  000050  000170       120       1  BANK2       1
                bssBANK3                       0001A0  000050  0001F0       1A0       1  BANK3       1
                bssBANK4                       000220  00004F  00026F       220       1  BANK4       1
                bssBANK5                       0002A0  000042  0002E2       2A0       1  BANK5       1
                text52                         000803  00004F  000852      1006       0  CODE        2
                text25                         000852  000095  0008E7      10A4       0  CODE        2
                text3                          0008E7  000188  000A6F      11CE       0  CODE        2
                text26                         000A6F  0002B4  000D23      14DE       0  CODE        2
                maintext                       000D23  0002FC  00101F      1A46       0  CODE        2
                text27                         00101F  000020  00103F      203E       0  CODE        2
                text29                         00103F  000022  001061      207E       0  CODE        2
                text89                         001061  000027  001088      20C2       0  CODE        2
                text87                         001088  000027  0010AF      2110       0  CODE        2
                text86                         0010AF  000028  0010D7      215E       0  CODE        2
                text72                         0010D7  000028  0010FF      21AE       0  CODE        2
                text40                         0010FF  000029  001128      21FE       0  CODE        2
                text56                         001128  00002F  001157      2250       0  CODE        2
                text41                         001157  00002F  001186      22AE       0  CODE        2
                text5                          001186  000033  0011B9      230C       0  CODE        2
                text34                         0011B9  00003D  0011F6      2372       0  CODE        2
                text18                         0011F6  000045  00123B      23EC       0  CODE        2
                text2                          00123B  000065  0012A0      2476       0  CODE        2
                text82                         0012A0  000066  001306      2540       0  CODE        2
                text24                         001306  000079  00137F      260C       0  CODE        2
                text8                          00137F  00007B  0013FA      26FE       0  CODE        2
                text1                          0013FA  00010E  001508      27F4       0  CODE        2
                text7                          001508  000179  001681      2A10       0  CODE        2
                text88                         001681  00017F  001800      2D02       0  CODE        2
                stringtext1                    001800  000038  001838      3000       0  STRCODE     2
                text96                         001D44  000001  001D45      3A88       0  CODE        2
                text76                         001D45  000002  001D47      3A8A       0  CODE        2
                text65                         001D47  000002  001D49      3A8E       0  CODE        2
                text64                         001D49  000002  001D4B      3A92       0  CODE        2
                text63                         001D4B  000002  001D4D      3A96       0  CODE        2
                text57                         001D4D  000002  001D4F      3A9A       0  CODE        2
                text80                         001D4F  000003  001D52      3A9E       0  CODE        2
                text79                         001D52  000003  001D55      3AA4       0  CODE        2
                text78                         001D55  000003  001D58      3AAA       0  CODE        2
                text75                         001D58  000003  001D5B      3AB0       0  CODE        2
                text74                         001D5B  000003  001D5E      3AB6       0  CODE        2
                text62                         001D5E  000004  001D62      3ABC       0  CODE        2
                text60                         001D62  000004  001D66      3AC4       0  CODE        2
                text49                         001D66  000004  001D6A      3ACC       0  CODE        2
                text48                         001D6A  000004  001D6E      3AD4       0  CODE        2
                text47                         001D6E  000004  001D72      3ADC       0  CODE        2
                text46                         001D72  000004  001D76      3AE4       0  CODE        2
                text45                         001D76  000004  001D7A      3AEC       0  CODE        2
                text44                         001D7A  000004  001D7E      3AF4       0  CODE        2
                text43                         001D7E  000004  001D82      3AFC       0  CODE        2
                text36                         001D82  000004  001D86      3B04       0  CODE        2
                text31                         001D86  000004  001D8A      3B0C       0  CODE        2
                text55                         001D8A  000005  001D8F      3B14       0  CODE        2
                text42                         001D8F  000005  001D94      3B1E       0  CODE        2
                text39                         001D94  000005  001D99      3B28       0  CODE        2
                text19                         001D99  000005  001D9E      3B32       0  CODE        2
                text14                         001D9E  000005  001DA3      3B3C       0  CODE        2
                text12                         001DA3  000005  001DA8      3B46       0  CODE        2
                text59                         001DA8  000006  001DAE      3B50       0  CODE        2
                text58                         001DAE  000006  001DB4      3B5C       0  CODE        2
                text50                         001DB4  000006  001DBA      3B68       0  CODE        2
                text16                         001DBA  000006  001DC0      3B74       0  CODE        2
                clrtext                        001DC0  000006  001DC6      3B80       0  CODE        2
                text94                         001DC6  000007  001DCD      3B8C       0  CODE        2
                text53                         001DCD  000007  001DD4      3B9A       0  CODE        2
                text54                         001DD4  000008  001DDC      3BA8       0  CODE        2
                text23                         001DDC  000008  001DE4      3BB8       0  CODE        2
                text22                         001DE4  000008  001DEC      3BC8       0  CODE        2
                text21                         001DEC  000008  001DF4      3BD8       0  CODE        2
                text20                         001DF4  000008  001DFC      3BE8       0  CODE        2
                text38                         001DFC  000009  001E05      3BF8       0  CODE        2
                text95                         001E05  00000A  001E0F      3C0A       0  CODE        2
                text92                         001E0F  00000A  001E19      3C1E       0  CODE        2
                text17                         001E19  00000A  001E23      3C32       0  CODE        2
                text93                         001E23  00000B  001E2E      3C46       0  CODE        2
                text90                         001E2E  00000B  001E39      3C5C       0  CODE        2
                text71                         001E39  00000C  001E45      3C72       0  CODE        2
                text35                         001E45  00000C  001E51      3C8A       0  CODE        2
                text30                         001E51  00000C  001E5D      3CA2       0  CODE        2
                text91                         001E5D  00000E  001E6B      3CBA       0  CODE        2
                text28                         001E6B  00000E  001E79      3CD6       0  CODE        2
                text32                         001E79  000010  001E89      3CF2       0  CODE        2
                text70                         001E89  000012  001E9B      3D12       0  CODE        2
                text69                         001E9B  000012  001EAD      3D36       0  CODE        2
                text68                         001EAD  000012  001EBF      3D5A       0  CODE        2
                text67                         001EBF  000012  001ED1      3D7E       0  CODE        2
                text73                         001ED1  000014  001EE5      3DA2       0  CODE        2
                text81                         001EE5  000015  001EFA      3DCA       0  CODE        2
                text13                         001EFA  000015  001F0F      3DF4       0  CODE        2
                text9                          001F0F  000015  001F24      3E1E       0  CODE        2
                text11                         001F24  000017  001F3B      3E48       0  CODE        2
                text66                         001F3B  000019  001F54      3E76       0  CODE        2
                text15                         001F54  000019  001F6D      3EA8       0  CODE        2
                text33                         001F6D  00001A  001F87      3EDA       0  CODE        2
                text77                         001F87  00001C  001FA3      3F0E       0  CODE        2
                text37                         001FA3  00001E  001FC1      3F46       0  CODE        2
                text84                         001FC1  00001F  001FE0      3F82       0  CODE        2
                _HEFregion_text                001FE0  000040  002020      3FC0       0  STRCODE     2


UNUSED ADDRESS RANGES

        Name                Unused          Largest block    Delta
        BANK0            00067-0006F               9           1
        BANK1            000EF-000EF               1           1
        BANK4            0026F-0026F               1           1
        BANK5            002E2-002EF               E           1
        BANK6            00320-0032F              10           1
        BIGRAM           02000-021EF             1F0           1
        CODE             01838-01D43             50C           2
        COMMON           0007C-0007D               2           1
        CONST            01838-01D43             100           2
        ENTRY            01838-01D43             100           2
        RAM              00067-0006F               9           1
                         000EF-000EF               1
                         0026F-0026F               1
                         002E2-002EF               E
                         00320-0032F              10
        SFR0             00000-0001F              20           1
        SFR1             00080-0009F              20           1
        SFR10            00500-0056F              70           1
        SFR11            00580-005EF              70           1
        SFR12            00600-0066F              70           1
        SFR13            00680-006EF              70           1
        SFR14            00700-0076F              70           1
        SFR15            00780-007EF              70           1
        SFR16            00800-0086F              70           1
        SFR17            00880-008EF              70           1
        SFR18            00900-0096F              70           1
        SFR19            00980-009EF              70           1
        SFR2             00100-0011F              20           1
        SFR20            00A00-00A6F              70           1
        SFR21            00A80-00AEF              70           1
        SFR22            00B00-00B6F              70           1
        SFR23            00B80-00BEF              70           1
        SFR24            00C00-00C6F              70           1
        SFR25            00C80-00CEF              70           1
        SFR26            00D00-00D6F              70           1
        SFR27            00D80-00DEF              70           1
        SFR28            00E00-00E6F              70           1
        SFR29            00E80-00EEF              70           1
        SFR3             00180-0019F              20           1
        SFR30            00F00-00F6F              70           1
        SFR31            00F80-00FEF              70           1
        SFR4             00200-0021F              20           1
        SFR5             00280-0029F              20           1
        SFR6             00300-0031F              20           1
        SFR7             00380-003EF              70           1
        SFR8             00400-0046F              70           1
        SFR9             00480-004EF              70           1
        STRCODE          01838-01D43             50C           2
        STRING           01838-01D43             100           2

                                  Symbol Table

?_FLASH_ReadWord                               cstackBANK0     00029
?_MCP3422_ReadVoltage                          cstackBANK1     000BD
?__Umul8_16                                    cstackBANK0     00029
?___fladd                                      cstackBANK0     00037
?___fldiv                                      cstackBANK1     000BD
?___flmul                                      cstackBANK1     000A8
?___flsub                                      cstackBANK1     000A0
?___fltol                                      cstackBANK1     000D7
?___xxtofl                                     cstackBANK0     00029
?_logf                                         cstackBANK1     000D7
?_map                                          cstackBANK2     00120
EUSART_SetErrorHandler@interruptHandler        cstackBANK0     00029
EUSART_SetFramingErrorHandler@interruptHandler cstackBANK0     00029
EUSART_SetOverrunErrorHandler@interruptHandler cstackBANK0     00029
EUSART_SetRxInterruptHandler@interruptHandler  cstackBANK0     00029
EUSART_SetTxInterruptHandler@interruptHandler  cstackBANK0     00029
FLASH_EraseBlock@GIEBitValue                   cstackBANK0     0002B
FLASH_EraseBlock@startAddr                     cstackBANK0     00029
FLASH_ReadWord@GIEBitValue                     cstackBANK0     0002B
FLASH_ReadWord@flashAddr                       cstackBANK0     00029
FLASH_WriteBlock@GIEBitValue                   cstackBANK0     00034
FLASH_WriteBlock@blockStartAddr                cstackBANK0     00032
FLASH_WriteBlock@flashWordArray                cstackBANK0     0002E
FLASH_WriteBlock@i                             cstackBANK0     00035
FLASH_WriteBlock@writeAddr                     cstackBANK0     0002C
I2C_CallbackReturnReset@funPtr                 cstackBANK0     00032
I2C_Close@returnValue                          cstackBANK0     0002A
I2C_MasterOperation@read                       cstackBANK0     0003A
I2C_MasterOperation@returnValue                cstackBANK0     0003B
I2C_MasterSendTxData@data                      cstackBANK0     00029
I2C_Open@address                               cstackBANK0     0002A
I2C_Open@returnValue                           cstackBANK0     0002B
I2C_ReadNBytes@address                         cstackBANK0     0003F
I2C_ReadNBytes@data                            cstackBANK0     0003C
I2C_ReadNBytes@len                             cstackBANK0     0003D
I2C_SetAddressNackCallback@cb                  cstackBANK0     0002E
I2C_SetAddressNackCallback@ptr                 cstackBANK0     00030
I2C_SetBuffer@buffer                           cstackBANK0     0002C
I2C_SetBuffer@bufferSize                       cstackBANK0     00029
I2C_SetCallback@cb                             cstackBANK0     00029
I2C_SetCallback@idx                            cstackBANK0     0002D
I2C_SetCallback@ptr                            cstackBANK0     0002B
I2C_SetDataCompleteCallback@cb                 cstackBANK0     0002E
I2C_SetDataCompleteCallback@ptr                cstackBANK0     00030
I2C_WriteNBytes@address                        cstackBANK0     0003F
I2C_WriteNBytes@data                           cstackBANK0     0003C
I2C_WriteNBytes@len                            cstackBANK0     0003D
InitModbusSlave@u8SlaveId                      cstackBANK0     0002A
MCP3422_Read@count                             cstackBANK0     00040
MCP3422_Read@data                              cstackBANK0     00044
MCP3422_ReadVoltage@adc_value                  cstackBANK1     000C9
MCP3422_ReadVoltage@channel                    cstackBANK1     000C5
MCP3422_ReadVoltage@data                       cstackBANK1     000C6
MCP3422_Write@data                             cstackBANK0     00041
ModbusSlaveProcessReceivedQuery@i              cstackBANK0     00027
ModbusSlaveProcessReceivedQuery@j              cstackBANK0     00025
ModbusSlaveProcessReceivedQuery@k              cstackBANK0     00021
ModbusSlaveProcessReceivedQuery@u16Data        cstackBANK0     00023
ModbusSlaveProcessReceivedQuery@u8ReadReg      cstackBANK0     00020
TMR0_SetInterruptHandler@InterruptHandler      cstackBANK0     00029
TMR1_SetInterruptHandler@InterruptHandler      cstackBANK0     00029
TMR1_WriteTimer@timerVal                       cstackCOMMON    00070
_ANSELA                                        (abs)           0018C
_ANSELB                                        (abs)           0018D
_ANSELC                                        (abs)           0018E
_APFCON                                        (abs)           0011D
_BAUDCON                                       (abs)           0019F
_BORCON                                        (abs)           00116
_EUSART_DefaultErrorHandler                    (abs)           00000
_EUSART_DefaultFramingErrorHandler             (abs)           00000
_EUSART_DefaultOverrunErrorHandler             (abs)           00000
_EUSART_ErrorHandler                           nvBANK5         002E0
_EUSART_FramingErrorHandler                    nvBANK3         001EC
_EUSART_Initialize                             text18          011F6
_EUSART_OverrunErrorHandler                    nvBANK4         0026D
_EUSART_RxDefaultInterruptHandler              nvBANK3         001EE
_EUSART_SetErrorHandler                        text23          01DDC
_EUSART_SetFramingErrorHandler                 text22          01DE4
_EUSART_SetOverrunErrorHandler                 text21          01DEC
_EUSART_SetRxInterruptHandler                  text20          01DF4
_EUSART_SetTxInterruptHandler                  text19          01D99
_EUSART_TxDefaultInterruptHandler              nvBANK0         00064
_FLASH_EraseBlock                              text83          01000
_FLASH_ReadWord                                text84          01FC1
_FLASH_WriteBlock                              text82          012A0
_HEFregion                                     _HEFregion_text 01FE0
_HEFregion_absaddr                             (abs)           01FE0
_I2C_CallbackReturnReset                       text64          01D49
_I2C_CallbackReturnStop                        text65          01D47
_I2C_Close                                     text77          01F87
_I2C_DO_ADDRESS_NACK                           text41          01157
_I2C_DO_IDLE                                   text55          01D8A
_I2C_DO_RCEN                                   text50          01DB4
_I2C_DO_RESET                                  text42          01D8F
_I2C_DO_RX                                     text51          007B5
_I2C_DO_RX_ACK                                 text45          01D76
_I2C_DO_RX_NACK_RESTART                        text43          01D7E
_I2C_DO_RX_NACK_STOP                           text44          01D7A
_I2C_DO_SEND_ADR_READ                          text54          01DD4
_I2C_DO_SEND_ADR_WRITE                         text53          01DCD
_I2C_DO_SEND_RESTART                           text47          01D6E
_I2C_DO_SEND_RESTART_READ                      text49          01D66
_I2C_DO_SEND_RESTART_WRITE                     text48          01D6A
_I2C_DO_SEND_STOP                              text46          01D72
_I2C_DO_TX                                     text52          00803
_I2C_DO_TX_EMPTY                               text56          01128
_I2C_Initialize                                text17          01E19
_I2C_MasterClearIrq                            text80          01D4F
_I2C_MasterClose                               text79          01D52
_I2C_MasterDisableIrq                          text78          01D55
_I2C_MasterEnableRestart                       text75          01D58
_I2C_MasterFsm                                 text40          010FF
_I2C_MasterGetRxData                           text61          00800
_I2C_MasterIsNack                              text58          01DAE
_I2C_MasterOpen                                text35          01E45
_I2C_MasterOperation                           text37          01FA3
_I2C_MasterRead                                text36          01D82
_I2C_MasterSendAck                             text60          01D62
_I2C_MasterSendNack                            text62          01D5E
_I2C_MasterSendTxData                          text59          01DA8
_I2C_MasterSetIrq                              text57          01D4D
_I2C_MasterStart                               text76          01D45
_I2C_MasterStartRx                             text63          01D4B
_I2C_MasterStop                                text74          01D5B
_I2C_MasterWaitForEvent                        text39          01D94
_I2C_MasterWrite                               text31          01D86
_I2C_Open                                      text34          011B9
_I2C_Poller                                    text38          01DFC
_I2C_ReadNBytes                                text33          01F6D
_I2C_SetAddressNackCallback                    text30          01E51
_I2C_SetBuffer                                 text73          01ED1
_I2C_SetCallback                               text72          010D7
_I2C_SetDataCompleteCallback                   text71          01E39
_I2C_Status                                    bssBANK4        00220
_I2C_WriteNBytes                               text29          0103F
_INTCONbits                                    (abs)           0000B
_INTERRUPT_InterruptManager                    intentry        00004
_InitModbusSlave                               text81          01EE5
_LATA                                          (abs)           0010C
_LATB                                          (abs)           0010D
_LATC                                          (abs)           0010E
_LATCbits                                      (abs)           0010E
_MCP3422_Read                                  text32          01E79
_MCP3422_ReadVoltage                           text24          01306
_MCP3422_Write                                 text28          01E6B
_ModbusSlaveProcessReceivedQuery               text88          01681
_OPTION_REG                                    (abs)           00095
_OPTION_REGbits                                (abs)           00095
_OSCCON                                        (abs)           00099
_OSCILLATOR_Initialize                         text16          01DBA
_PIE1bits                                      (abs)           00091
_PIN_MANAGER_Initialize                        text15          01F54
_PIR1bits                                      (abs)           00011
_PMADRH                                        (abs)           00192
_PMADRL                                        (abs)           00191
_PMCON1bits                                    (abs)           00195
_PMCON2                                        (abs)           00196
_PMDATH                                        (abs)           00194
_PMDATL                                        (abs)           00193
_RCREG                                         (abs)           00199
_RCSTA                                         (abs)           0019D
_SPBRGH                                        (abs)           0019C
_SPBRGL                                        (abs)           0019B
_SSP1ADD                                       (abs)           00212
_SSP1BUF                                       (abs)           00211
_SSP1CON1                                      (abs)           00215
_SSP1CON1bits                                  (abs)           00215
_SSP1CON2                                      (abs)           00216
_SSP1CON2bits                                  (abs)           00216
_SSP1STAT                                      (abs)           00214
_SYSTEM_Initialize                             text9           01F0F
_T1CON                                         (abs)           00018
_T1CONbits                                     (abs)           00018
_T1GCON                                        (abs)           00019
_TMR0                                          (abs)           00015
_TMR0_CallBack                                 text95          01E05
_TMR0_DefaultInterruptHandler                  text96          01D44
_TMR0_ISR                                      text94          01DC6
_TMR0_Initialize                               text13          01EFA
_TMR0_InterruptHandler                         nvBANK0         0005E
_TMR0_SetInterruptHandler                      text14          01D9E
_TMR1H                                         (abs)           00017
_TMR1L                                         (abs)           00016
_TMR1_CallBack                                 text92          01E0F
_TMR1_ISR                                      text90          01E2E
_TMR1_Initialize                               text11          01F24
_TMR1_InterruptHandler                         nvBANK0         00060
_TMR1_SetInterruptHandler                      text12          01DA3
_TMR1_WriteTimer                               text91          01E5D
_TRISA                                         (abs)           0008C
_TRISB                                         (abs)           0008D
_TRISC                                         (abs)           0008E
_TXREG                                         (abs)           0019A
_TXSTA                                         (abs)           0019E
_TXSTAbits                                     (abs)           0019E
_WDTCON                                        (abs)           00097
_WDT_Initialize                                text10          007FC
_WPUA                                          (abs)           0020C
_WPUB                                          (abs)           0020D
__H_HEFregion_text                             _HEFregion_text 02020
__Habs1                                        abs1            00000
__Hbank0                                       bank0           00000
__Hbank1                                       bank1           00000
__Hbank10                                      bank10          00000
__Hbank11                                      bank11          00000
__Hbank12                                      bank12          00000
__Hbank13                                      bank13          00000
__Hbank14                                      bank14          00000
__Hbank15                                      bank15          00000
__Hbank16                                      bank16          00000
__Hbank17                                      bank17          00000
__Hbank18                                      bank18          00000
__Hbank19                                      bank19          00000
__Hbank2                                       bank2           00000
__Hbank20                                      bank20          00000
__Hbank21                                      bank21          00000
__Hbank22                                      bank22          00000
__Hbank23                                      bank23          00000
__Hbank24                                      bank24          00000
__Hbank25                                      bank25          00000
__Hbank26                                      bank26          00000
__Hbank27                                      bank27          00000
__Hbank28                                      bank28          00000
__Hbank29                                      bank29          00000
__Hbank3                                       bank3           00000
__Hbank30                                      bank30          00000
__Hbank31                                      bank31          00000
__Hbank4                                       bank4           00000
__Hbank5                                       bank5           00000
__Hbank6                                       bank6           00000
__Hbank7                                       bank7           00000
__Hbank8                                       bank8           00000
__Hbank9                                       bank9           00000
__Hbigram                                      bigram          00000
__HbssBANK0                                    bssBANK0        00000
__HbssBANK2                                    bssBANK2        00000
__HbssBANK3                                    bssBANK3        00000
__HbssBANK4                                    bssBANK4        00000
__HbssBANK5                                    bssBANK5        00000
__Hcinit                                       cinit           00062
__Hclrtext                                     clrtext         00000
__Hcode                                        code            00000
__Hcommon                                      common          00000
__Hconfig                                      config          08009
__HcstackBANK0                                 cstackBANK0     00000
__HcstackBANK1                                 cstackBANK1     00000
__HcstackBANK2                                 cstackBANK2     00000
__HcstackBANK3                                 cstackBANK3     00000
__HcstackCOMMON                                cstackCOMMON    00000
__HdataCOMMON                                  dataCOMMON      00000
__Heeprom_data                                 eeprom_data     00000
__Hend_init                                    end_init        00034
__Hfunctab                                     functab         00000
__Hheap                                        heap            00000
__HidataCOMMON                                 idataCOMMON     00000
__Hidloc                                       idloc           08004
__Hinit                                        init            00032
__Hintentry                                    intentry        00032
__Hmaintext                                    maintext        00000
__HnvBANK0                                     nvBANK0         00000
__HnvBANK1                                     nvBANK1         00000
__HnvBANK3                                     nvBANK3         00000
__HnvBANK4                                     nvBANK4         00000
__HnvBANK5                                     nvBANK5         00000
__Hpowerup                                     powerup         00000
__Hram                                         ram             00000
__Hreset_vec                                   reset_vec       00002
__Hsfr0                                        sfr0            00000
__Hsfr1                                        sfr1            00000
__Hsfr10                                       sfr10           00000
__Hsfr11                                       sfr11           00000
__Hsfr12                                       sfr12           00000
__Hsfr13                                       sfr13           00000
__Hsfr14                                       sfr14           00000
__Hsfr15                                       sfr15           00000
__Hsfr16                                       sfr16           00000
__Hsfr17                                       sfr17           00000
__Hsfr18                                       sfr18           00000
__Hsfr19                                       sfr19           00000
__Hsfr2                                        sfr2            00000
__Hsfr20                                       sfr20           00000
__Hsfr21                                       sfr21           00000
__Hsfr22                                       sfr22           00000
__Hsfr23                                       sfr23           00000
__Hsfr24                                       sfr24           00000
__Hsfr25                                       sfr25           00000
__Hsfr26                                       sfr26           00000
__Hsfr27                                       sfr27           00000
__Hsfr28                                       sfr28           00000
__Hsfr29                                       sfr29           00000
__Hsfr3                                        sfr3            00000
__Hsfr30                                       sfr30           00000
__Hsfr31                                       sfr31           00000
__Hsfr4                                        sfr4            00000
__Hsfr5                                        sfr5            00000
__Hsfr6                                        sfr6            00000
__Hsfr7                                        sfr7            00000
__Hsfr8                                        sfr8            00000
__Hsfr9                                        sfr9            00000
__Hspace_0                                     (abs)           02020
__Hspace_1                                     (abs)           002E2
__Hspace_2                                     (abs)           00000
__Hspace_3                                     (abs)           00000
__Hspace_4                                     (abs)           10010
__Hstack                                       stack           00000
__Hstrings                                     strings         00000
__Hstringtext1                                 stringtext1     00000
__Hstringtext2                                 stringtext2     00000
__Hstringtext3                                 stringtext3     00000
__Hstringtext4                                 stringtext4     00000
__Hstringtext5                                 stringtext5     00000
__Hstringtext6                                 stringtext6     00000
__Hstringtext7                                 stringtext7     00000
__Htext                                        text            00000
__L_HEFregion_text                             _HEFregion_text 01FE0
__Labs1                                        abs1            00000
__Lbank0                                       bank0           00000
__Lbank1                                       bank1           00000
__Lbank10                                      bank10          00000
__Lbank11                                      bank11          00000
__Lbank12                                      bank12          00000
__Lbank13                                      bank13          00000
__Lbank14                                      bank14          00000
__Lbank15                                      bank15          00000
__Lbank16                                      bank16          00000
__Lbank17                                      bank17          00000
__Lbank18                                      bank18          00000
__Lbank19                                      bank19          00000
__Lbank2                                       bank2           00000
__Lbank20                                      bank20          00000
__Lbank21                                      bank21          00000
__Lbank22                                      bank22          00000
__Lbank23                                      bank23          00000
__Lbank24                                      bank24          00000
__Lbank25                                      bank25          00000
__Lbank26                                      bank26          00000
__Lbank27                                      bank27          00000
__Lbank28                                      bank28          00000
__Lbank29                                      bank29          00000
__Lbank3                                       bank3           00000
__Lbank30                                      bank30          00000
__Lbank31                                      bank31          00000
__Lbank4                                       bank4           00000
__Lbank5                                       bank5           00000
__Lbank6                                       bank6           00000
__Lbank7                                       bank7           00000
__Lbank8                                       bank8           00000
__Lbank9                                       bank9           00000
__Lbigram                                      bigram          00000
__LbssBANK0                                    bssBANK0        00000
__LbssBANK2                                    bssBANK2        00000
__LbssBANK3                                    bssBANK3        00000
__LbssBANK4                                    bssBANK4        00000
__LbssBANK5                                    bssBANK5        00000
__Lcinit                                       cinit           00034
__Lclrtext                                     clrtext         00000
__Lcode                                        code            00000
__Lcommon                                      common          00000
__Lconfig                                      config          00000
__LcstackBANK0                                 cstackBANK0     00000
__LcstackBANK1                                 cstackBANK1     00000
__LcstackBANK2                                 cstackBANK2     00000
__LcstackBANK3                                 cstackBANK3     00000
__LcstackCOMMON                                cstackCOMMON    00000
__LdataCOMMON                                  dataCOMMON      00000
__Leeprom_data                                 eeprom_data     00000
__Lend_init                                    end_init        00032
__Lfunctab                                     functab         00000
__Lheap                                        heap            00000
__LidataCOMMON                                 idataCOMMON     00000
__Lidloc                                       idloc           00000
__Linit                                        init            00032
__Lintentry                                    intentry        00004
__Lmaintext                                    maintext        00000
__LnvBANK0                                     nvBANK0         00000
__LnvBANK1                                     nvBANK1         00000
__LnvBANK3                                     nvBANK3         00000
__LnvBANK4                                     nvBANK4         00000
__LnvBANK5                                     nvBANK5         00000
__Lpowerup                                     powerup         00000
__Lram                                         ram             00000
__Lreset_vec                                   reset_vec       00000
__Lsfr0                                        sfr0            00000
__Lsfr1                                        sfr1            00000
__Lsfr10                                       sfr10           00000
__Lsfr11                                       sfr11           00000
__Lsfr12                                       sfr12           00000
__Lsfr13                                       sfr13           00000
__Lsfr14                                       sfr14           00000
__Lsfr15                                       sfr15           00000
__Lsfr16                                       sfr16           00000
__Lsfr17                                       sfr17           00000
__Lsfr18                                       sfr18           00000
__Lsfr19                                       sfr19           00000
__Lsfr2                                        sfr2            00000
__Lsfr20                                       sfr20           00000
__Lsfr21                                       sfr21           00000
__Lsfr22                                       sfr22           00000
__Lsfr23                                       sfr23           00000
__Lsfr24                                       sfr24           00000
__Lsfr25                                       sfr25           00000
__Lsfr26                                       sfr26           00000
__Lsfr27                                       sfr27           00000
__Lsfr28                                       sfr28           00000
__Lsfr29                                       sfr29           00000
__Lsfr3                                        sfr3            00000
__Lsfr30                                       sfr30           00000
__Lsfr31                                       sfr31           00000
__Lsfr4                                        sfr4            00000
__Lsfr5                                        sfr5            00000
__Lsfr6                                        sfr6            00000
__Lsfr7                                        sfr7            00000
__Lsfr8                                        sfr8            00000
__Lsfr9                                        sfr9            00000
__Lspace_0                                     (abs)           00000
__Lspace_1                                     (abs)           00000
__Lspace_2                                     (abs)           00000
__Lspace_3                                     (abs)           00000
__Lspace_4                                     (abs)           00000
__Lstack                                       stack           00000
__Lstrings                                     strings         00000
__Lstringtext1                                 stringtext1     00000
__Lstringtext2                                 stringtext2     00000
__Lstringtext3                                 stringtext3     00000
__Lstringtext4                                 stringtext4     00000
__Lstringtext5                                 stringtext5     00000
__Lstringtext6                                 stringtext6     00000
__Lstringtext7                                 stringtext7     00000
__Ltext                                        text            00000
__S0                                           (abs)           01FE0
__S1                                           (abs)           002E2
__Umul8_16                                     text27          0101F
__Umul8_16@multiplicand                        cstackBANK0     00029
__Umul8_16@multiplier                          cstackBANK0     00031
__Umul8_16@product                             cstackBANK0     0002D
__Umul8_16@word_mpld                           cstackBANK0     0002F
___fladd                                       text6           005D4
___fladd@a                                     cstackBANK0     0003B
___fladd@aexp                                  cstackBANK0     00048
___fladd@b                                     cstackBANK0     00037
___fladd@bexp                                  cstackBANK0     00049
___fladd@grs                                   cstackBANK0     0004A
___fladd@signs                                 cstackBANK0     00047
___fldiv                                       text7           01508
___fldiv@a                                     cstackBANK1     000BD
___fldiv@aexp                                  cstackBANK1     000D6
___fldiv@b                                     cstackBANK1     000C1
___fldiv@bexp                                  cstackBANK1     000D5
___fldiv@grs                                   cstackBANK1     000D1
___fldiv@new_exp                               cstackBANK1     000CF
___fldiv@rem                                   cstackBANK1     000CA
___fldiv@sign                                  cstackBANK1     000CE
___flge                                        text8           0137F
___flge@ff1                                    cstackBANK0     00037
___flge@ff2                                    cstackBANK0     0003B
___flmul                                       text26          00A6F
___flmul@a                                     cstackBANK1     000AC
___flmul@aexp                                  cstackBANK1     000B1
___flmul@b                                     cstackBANK1     000A8
___flmul@bexp                                  cstackBANK1     000B2
___flmul@grs                                   cstackBANK1     000B3
___flmul@prod                                  cstackBANK1     000B7
___flmul@sign                                  cstackBANK1     000B0
___flmul@temp                                  cstackBANK1     000BB
___flsub                                       text5           01186
___flsub@a                                     cstackBANK1     000A0
___flsub@b                                     cstackBANK1     000A4
___fltol                                       text2           0123B
___fltol@exp1                                  cstackBANK1     000E1
___fltol@f1                                    cstackBANK1     000D7
___fltol@sign1                                 cstackBANK1     000E0
___heap_hi                                     (abs)           00000
___heap_lo                                     (abs)           00000
___int_sp                                      stack           00000
___latbits                                     (abs)           00002
___sp                                          stack           00000
___stackhi                                     (abs)           00000
___stacklo                                     (abs)           00000
___xxtofl                                      text25          00852
___xxtofl@arg                                  cstackBANK0     00033
___xxtofl@exp                                  cstackBANK0     00032
___xxtofl@sign                                 cstackBANK0     00031
___xxtofl@val                                  cstackBANK0     00029
__end_of_EUSART_Initialize                     text18          0123B
__end_of_EUSART_SetErrorHandler                text23          01DE4
__end_of_EUSART_SetFramingErrorHandler         text22          01DEC
__end_of_EUSART_SetOverrunErrorHandler         text21          01DF4
__end_of_EUSART_SetRxInterruptHandler          text20          01DFC
__end_of_EUSART_SetTxInterruptHandler          text19          01D9E
__end_of_FLASH_EraseBlock                      text83          0101F
__end_of_FLASH_ReadWord                        text84          01FE0
__end_of_FLASH_WriteBlock                      text82          01306
__end_of_HEFregion                             _HEFregion_text 02020
__end_of_I2C_CallbackReturnReset               text64          01D4B
__end_of_I2C_CallbackReturnStop                text65          01D49
__end_of_I2C_Close                             text77          01FA3
__end_of_I2C_DO_ADDRESS_NACK                   text41          01186
__end_of_I2C_DO_IDLE                           text55          01D8F
__end_of_I2C_DO_RCEN                           text50          01DBA
__end_of_I2C_DO_RESET                          text42          01D94
__end_of_I2C_DO_RX                             text51          007FC
__end_of_I2C_DO_RX_ACK                         text45          01D7A
__end_of_I2C_DO_RX_NACK_RESTART                text43          01D82
__end_of_I2C_DO_RX_NACK_STOP                   text44          01D7E
__end_of_I2C_DO_SEND_ADR_READ                  text54          01DDC
__end_of_I2C_DO_SEND_ADR_WRITE                 text53          01DD4
__end_of_I2C_DO_SEND_RESTART                   text47          01D72
__end_of_I2C_DO_SEND_RESTART_READ              text49          01D6A
__end_of_I2C_DO_SEND_RESTART_WRITE             text48          01D6E
__end_of_I2C_DO_SEND_STOP                      text46          01D76
__end_of_I2C_DO_TX                             text52          00852
__end_of_I2C_DO_TX_EMPTY                       text56          01157
__end_of_I2C_Initialize                        text17          01E23
__end_of_I2C_MasterClearIrq                    text80          01D52
__end_of_I2C_MasterClose                       text79          01D55
__end_of_I2C_MasterDisableIrq                  text78          01D58
__end_of_I2C_MasterEnableRestart               text75          01D5B
__end_of_I2C_MasterFsm                         text40          01128
__end_of_I2C_MasterGetRxData                   text61          00803
__end_of_I2C_MasterIsNack                      text58          01DB4
__end_of_I2C_MasterOpen                        text35          01E51
__end_of_I2C_MasterOperation                   text37          01FC1
__end_of_I2C_MasterRead                        text36          01D86
__end_of_I2C_MasterSendAck                     text60          01D66
__end_of_I2C_MasterSendNack                    text62          01D62
__end_of_I2C_MasterSendTxData                  text59          01DAE
__end_of_I2C_MasterSetIrq                      text57          01D4F
__end_of_I2C_MasterStart                       text76          01D47
__end_of_I2C_MasterStartRx                     text63          01D4D
__end_of_I2C_MasterStop                        text74          01D5E
__end_of_I2C_MasterWaitForEvent                text39          01D99
__end_of_I2C_MasterWrite                       text31          01D8A
__end_of_I2C_Open                              text34          011F6
__end_of_I2C_Poller                            text38          01E05
__end_of_I2C_ReadNBytes                        text33          01F87
__end_of_I2C_SetAddressNackCallback            text30          01E5D
__end_of_I2C_SetBuffer                         text73          01EE5
__end_of_I2C_SetCallback                       text72          010FF
__end_of_I2C_SetDataCompleteCallback           text71          01E45
__end_of_I2C_WriteNBytes                       text29          01061
__end_of_INTERRUPT_InterruptManager            intentry        00032
__end_of_InitModbusSlave                       text81          01EFA
__end_of_Lg1                                   stringtext5     01830
__end_of_Lg2                                   stringtext4     0182C
__end_of_Lg3                                   stringtext3     01828
__end_of_Lg4                                   stringtext2     01824
__end_of_MCP3422_Read                          text32          01E89
__end_of_MCP3422_ReadVoltage                   text24          0137F
__end_of_MCP3422_Write                         text28          01E79
__end_of_ModbusSlaveProcessReceivedQuery       text88          01800
__end_of_OSCILLATOR_Initialize                 text16          01DC0
__end_of_PIN_MANAGER_Initialize                text15          01F6D
__end_of_SYSTEM_Initialize                     text9           01F24
__end_of_TMR0_CallBack                         text95          01E0F
__end_of_TMR0_DefaultInterruptHandler          text96          01D45
__end_of_TMR0_ISR                              text94          01DCD
__end_of_TMR0_Initialize                       text13          01F0F
[...]
__ptext12                                      text12          01DA3
__ptext13                                      text13          01EFA
__ptext14                                      text14          01D9E
__ptext15                                      text15          01F54
__ptext16                                      text16          01DBA
__ptext17                                      text17          01E19
__ptext18                                      text18          011F6
__ptext19                                      text19          01D99
__ptext2                                       text2           0123B
__ptext20                                      text20          01DF4
__ptext21                                      text21          01DEC
__ptext22                                      text22          01DE4
__ptext23                                      text23          01DDC
__ptext24                                      text24          01306
__ptext25                                      text25          00852
__ptext26                                      text26          00A6F
__ptext27                                      text27          0101F
__ptext28                                      text28          01E6B
__ptext29                                      text29          0103F
__ptext3                                       text3           008E7
__ptext30                                      text30          01E51
__ptext31                                      text31          01D86
__ptext32                                      text32          01E79
__ptext33                                      text33          01F6D
__ptext34                                      text34          011B9
__ptext35                                      text35          01E45
__ptext36                                      text36          01D82
__ptext37                                      text37          01FA3
__ptext38                                      text38          01DFC
__ptext39                                      text39          01D94
__ptext4                                       text4           00062
__ptext40                                      text40          010FF
__ptext41                                      text41          01157
__ptext42                                      text42          01D8F
__ptext43                                      text43          01D7E
__ptext44                                      text44          01D7A
__ptext45                                      text45          01D76
__ptext46                                      text46          01D72
__ptext47                                      text47          01D6E
__ptext48                                      text48          01D6A
__ptext49                                      text49          01D66
__ptext5                                       text5           01186
__ptext50                                      text50          01DB4
__ptext51                                      text51          007B5
__ptext52                                      text52          00803
__ptext53                                      text53          01DCD
__ptext54                                      text54          01DD4
__ptext55                                      text55          01D8A
__ptext56                                      text56          01128
__ptext57                                      text57          01D4D
__ptext58                                      text58          01DAE
__ptext59                                      text59          01DA8
__ptext6                                       text6           005D4
__ptext60                                      text60          01D62
__ptext61                                      text61          00800
__ptext62                                      text62          01D5E
__ptext63                                      text63          01D4B
__ptext64                                      text64          01D49
__ptext65                                      text65          01D47
__ptext66                                      text66          01F3B
__ptext67                                      text67          01EBF
__ptext68                                      text68          01EAD
__ptext69                                      text69          01E9B
__ptext7                                       text7           01508
__ptext70                                      text70          01E89
__ptext71                                      text71          01E39
__ptext72                                      text72          010D7
__ptext73                                      text73          01ED1
__ptext74                                      text74          01D5B
__ptext75                                      text75          01D58
__ptext76                                      text76          01D45
__ptext77                                      text77          01F87
__ptext78                                      text78          01D55
__ptext79                                      text79          01D52
__ptext8                                       text8           0137F
__ptext80                                      text80          01D4F
__ptext81                                      text81          01EE5
__ptext82                                      text82          012A0
__ptext83                                      text83          01000
__ptext84                                      text84          01FC1
__ptext86                                      text86          010AF
__ptext87                                      text87          01088
__ptext88                                      text88          01681
__ptext89                                      text89          01061
__ptext9                                       text9           01F0F
__ptext90                                      text90          01E2E
__ptext91                                      text91          01E5D
__ptext92                                      text92          01E0F
__ptext93                                      text93          01E23
__ptext94                                      text94          01DC6
__ptext95                                      text95          01E05
__ptext96                                      text96          01D44
_bCalMode                                      bssBANK3        001D1
_calculate_crc                                 text89          01061
_crcModbusSlave                                dataCOMMON      0007A
_errno                                         bssBANK2        0016E
_eusartRxBuffer                                bssBANK4        0025D
_eusartRxCount                                 bssBANK0        00059
_eusartRxHead                                  bssBANK0        0005B
_eusartRxLastError                             bssBANK0        00058
_eusartRxStatusBuffer                          bssBANK4        0024D
_eusartRxTail                                  bssBANK0        0005A
_eusartTxBuffer                                bssBANK5        002A0
_eusartTxBufferRemaining                       nvBANK1         000EE
_eusartTxHead                                  bssBANK0        0005D
_eusartTxTail                                  bssBANK0        0005C
_get_ntc_temperature                           text3           008E7
_get_ntc_temperature$2276                      cstackBANK2     00166
_i2c_fsmStateTable                             stringtext1     01800
_logf                                          text4           00062
_logf$2277                                     cstackBANK2     00152
_logf$2278                                     cstackBANK2     0012C
_logf$2279                                     cstackBANK2     00130
_logf$2280                                     cstackBANK2     00134
_logf$2281                                     cstackBANK2     00138
_main                                          maintext        00D23
_map                                           text1           013FA
_map$2275                                      cstackBANK1     000EA
_mbus_rx_handler                               text87          01088
_mbus_timer_handler                            text93          01E23
_mbus_tx_handler                               text86          010AF
_modbusSlaveData                               bssBANK3        001A0
_rd1RegCompleteHandler                         text69          01E9B
_rd2RegCompleteHandler                         text68          01EAD
_rdBlkRegCompleteHandler                       text66          01F3B
_tempNTC                                       bssBANK3        001CD
_timer0ReloadVal                               nvBANK0         00066
_timer1ReloadVal                               nvBANK0         00062
_wr1RegCompleteHandler                         text67          01EBF
_wr2RegCompleteHandler                         text70          01E89
btemp                                          (abs)           0007E
calculate_crc@crcbit                           cstackCOMMON    00073
calculate_crc@crcreg                           cstackCOMMON    00072
calculate_crc@i                                cstackCOMMON    00075
clear_ram0                                     clrtext         01DC0
end_of_initialization                          cinit           0005E
get_ntc_temperature@adcVoltage                 cstackBANK1     000E3
get_ntc_temperature@rntc                       cstackBANK2     00162
get_ntc_temperature@temp                       cstackBANK2     0016A
int$flags                                      (abs)           0007E
intlevel0                                      functab         00000
intlevel1                                      functab         00000
intlevel2                                      functab         00000
intlevel3                                      functab         00000
intlevel4                                      functab         00000
intlevel5                                      functab         00000
logf@F472                                      bssBANK0        00051
logf@R                                         cstackBANK2     00120
logf@dk                                        cstackBANK2     00142
logf@f                                         cstackBANK2     0015A
logf@hfsq                                      cstackBANK2     0013E
logf@ix                                        cstackBANK2     0015E
logf@k                                         cstackBANK2     0013C
logf@s                                         cstackBANK2     00146
logf@t1                                        cstackBANK2     00124
logf@t2                                        cstackBANK2     00128
logf@u                                         cstackBANK2     00156
logf@w                                         cstackBANK2     0014E
logf@x                                         cstackBANK1     000D7
logf@z                                         cstackBANK2     0014A
main@fNtcVoltage                               cstackBANK3     001D4
main@fTdVoltage                                cstackBANK3     001E8
main@u16CalBuffer                              cstackBANK3     001D8
main@u16TdVal                                  cstackBANK3     001D2
map@in_max                                     cstackBANK2     00128
map@in_min                                     cstackBANK2     00124
map@out_max                                    cstackBANK2     00130
map@out_min                                    cstackBANK2     0012C
map@x                                          cstackBANK2     00120
rd1RegCompleteHandler@ptr                      cstackBANK0     00032
rd2RegCompleteHandler@ptr                      cstackBANK0     00032
rdBlkRegCompleteHandler@ptr                    cstackBANK0     00032
reset_vec                                      reset_vec       00000
start                                          init            00032
start_initialization                           cinit           00034
wr1RegCompleteHandler@ptr                      cstackBANK0     00032
wr2RegCompleteHandler@ptr                      cstackBANK0     00032
wtemp0                                         (abs)           0007E


MODULE INFORMATION

Module		Function		Class		Link	Load	Size
C:\Program Files\Microchip\xc8\v2.36\pic\sources\c99\common\logf.c
		_logf          		CODE           	0062	0000	1394

C:\Program Files\Microchip\xc8\v2.36\pic\sources\c99\common\logf.c estimated size: 1394

C:\Program Files\Microchip\xc8\v2.36\pic\sources\c99\common\sprcmul.c
		___flmul       		CODE           	0A6F	0000	692

C:\Program Files\Microchip\xc8\v2.36\pic\sources\c99\common\sprcmul.c estimated size: 692

C:\Program Files\Microchip\xc8\v2.36\pic\sources\c99\common\sprcdiv.c
		___fldiv       		CODE           	1508	0000	377

C:\Program Files\Microchip\xc8\v2.36\pic\sources\c99\common\sprcdiv.c estimated size: 377

mcc_generated_files/interrupt_manager.c
		_INTERRUPT_InterruptManager		CODE           	0004	0000	46

mcc_generated_files/interrupt_manager.c estimated size: 46

mcc_generated_files/examples/i2c_master_example.c
		_wr1RegCompleteHandler		CODE           	1EBF	0000	18
		_wr2RegCompleteHandler		CODE           	1E89	0000	18
		_rdBlkRegCompleteHandler		CODE           	1F3B	0000	25
		_rd1RegCompleteHandler		CODE           	1E9B	0000	18
		_rd2RegCompleteHandler		CODE           	1EAD	0000	18
		_I2C_ReadNBytes		CODE           	1F6D	0000	26
		_I2C_WriteNBytes		CODE           	103F	0000	34

mcc_generated_files/examples/i2c_master_example.c estimated size: 157

mcc_generated_files/tmr0.c
		_TMR0_SetInterruptHandler		CODE           	1D9E	0000	5
		_TMR0_DefaultInterruptHandler		CODE           	1D44	0000	1
		_TMR0_CallBack 		CODE           	1E05	0000	10
		_TMR0_ISR      		CODE           	1DC6	0000	7
		_TMR0_Initialize		CODE           	1EFA	0000	21

mcc_generated_files/tmr0.c estimated size: 44

mcc_generated_files/pin_manager.c
		_PIN_MANAGER_Initialize		CODE           	1F54	0000	25

mcc_generated_files/pin_manager.c estimated size: 25

C:\Program Files\Microchip\xc8\v2.36\pic\sources\c99\common\xxtofl.c
		___xxtofl      		CODE           	0852	0000	149

C:\Program Files\Microchip\xc8\v2.36\pic\sources\c99\common\xxtofl.c estimated size: 149

C:\Program Files\Microchip\xc8\v2.36\pic\sources\c99\common\Umul8_16.c
		__Umul8_16     		CODE           	101F	0000	32

C:\Program Files\Microchip\xc8\v2.36\pic\sources\c99\common\Umul8_16.c estimated size: 32

modbus_slave.c
		_mbus_timer_handler		CODE           	1E23	0000	11
		_ModbusSlaveProcessReceivedQuery		CODE           	1681	0000	383
		_InitModbusSlave		CODE           	1EE5	0000	21
		_calculate_crc 		CODE           	1061	0000	39
		_mbus_tx_handler		CODE           	10AF	0000	40
		_mbus_rx_handler		CODE           	1088	0000	39

modbus_slave.c estimated size: 533

C:\Program Files\Microchip\xc8\v2.36\pic\sources\c99\common\sprcadd.c
		___flsub       		CODE           	1186	0000	51
		___fladd       		CODE           	05D4	0000	481

C:\Program Files\Microchip\xc8\v2.36\pic\sources\c99\common\sprcadd.c estimated size: 532

C:\Program Files\Microchip\xc8\v2.36\pic\sources\c99\common\fltol.c
		___fltol       		CODE           	123B	0000	101

C:\Program Files\Microchip\xc8\v2.36\pic\sources\c99\common\fltol.c estimated size: 101

shared
		_HEFregion     		STRCODE        	1FE0	0000	64
		_Lg1           		STRCODE        	0000	0000	0
		_Lg2           		STRCODE        	0000	0000	0
		_Lg3           		STRCODE        	0000	0000	0
		_Lg4           		STRCODE        	0000	0000	0
		__initialization		CODE           	0034	0000	42
		_ln2_lo        		STRCODE        	0000	0000	0
		_ln2_hi        		STRCODE        	0000	0000	0
		_i2c_fsmStateTable		STRCODE        	1800	0000	32

shared estimated size: 138

mcc_generated_files/mcc.c
		_WDT_Initialize		CODE           	07FC	0000	4
		_OSCILLATOR_Initialize		CODE           	1DBA	0000	6
		_SYSTEM_Initialize		CODE           	1F0F	0000	21

mcc_generated_files/mcc.c estimated size: 31

C:\Program Files\Microchip\xc8\v2.36\pic\sources\c99\common\flge.c
		___flge        		CODE           	137F	0000	123

C:\Program Files\Microchip\xc8\v2.36\pic\sources\c99\common\flge.c estimated size: 123

mcc_generated_files/tmr1.c
		_TMR1_Initialize		CODE           	1F24	0000	23
		_TMR1_SetInterruptHandler		CODE           	1DA3	0000	5
		_TMR1_CallBack 		CODE           	1E0F	0000	10
		_TMR1_WriteTimer		CODE           	1E5D	0000	14
		_TMR1_ISR      		CODE           	1E2E	0000	11

mcc_generated_files/tmr1.c estimated size: 63

mcc_generated_files/memory.c
		_FLASH_EraseBlock		CODE           	1000	0000	31
		_FLASH_ReadWord		CODE           	1FC1	0000	31
		_FLASH_WriteBlock		CODE           	12A0	0000	102

mcc_generated_files/memory.c estimated size: 164

mcc_generated_files/i2c_master.c
		_I2C_Close     		CODE           	1F87	0000	28
		_I2C_MasterStartRx		CODE           	1D4B	0000	2
		_I2C_DO_SEND_ADR_WRITE		CODE           	1DCD	0000	7
		_I2C_MasterWaitForEvent		CODE           	1D94	0000	5
		_I2C_DO_SEND_STOP		CODE           	1D72	0000	4
		_I2C_MasterSendNack		CODE           	1D5E	0000	4
		_I2C_MasterDisableIrq		CODE           	1D55	0000	3
		_I2C_CallbackReturnStop		CODE           	1D47	0000	2
		_I2C_MasterOperation		CODE           	1FA3	0000	30
		_I2C_DO_SEND_ADR_READ		CODE           	1DD4	0000	8
		_I2C_DO_RX_NACK_STOP		CODE           	1D7A	0000	4
		_I2C_DO_SEND_RESTART		CODE           	1D6E	0000	4
		_I2C_DO_RX     		CODE           	07B5	0000	71
		_I2C_DO_TX     		CODE           	0803	0000	79
		_I2C_DO_IDLE   		CODE           	1D8A	0000	5
		_I2C_DO_RCEN   		CODE           	1DB4	0000	6
		_I2C_Poller    		CODE           	1DFC	0000	9
		_I2C_DO_RESET  		CODE           	1D8F	0000	5
		_I2C_MasterClose		CODE           	1D52	0000	3
		_I2C_MasterWrite		CODE           	1D86	0000	4
		_I2C_DO_RX_ACK 		CODE           	1D76	0000	4
		_I2C_MasterStart		CODE           	1D45	0000	2
		_I2C_MasterClearIrq		CODE           	1D4F	0000	3
		_I2C_MasterGetRxData		CODE           	0800	0000	3
		_I2C_SetCallback		CODE           	10D7	0000	40
		_I2C_DO_ADDRESS_NACK		CODE           	1157	0000	47
		_I2C_MasterEnableRestart		CODE           	1D58	0000	3
		_I2C_CallbackReturnReset		CODE           	1D49	0000	2
		_I2C_Open      		CODE           	11B9	0000	61
		_I2C_SetAddressNackCallback		CODE           	1E51	0000	12
		_I2C_DO_TX_EMPTY		CODE           	1128	0000	47
		_I2C_DO_SEND_RESTART_WRITE		CODE           	1D6A	0000	4
		_I2C_MasterIsNack		CODE           	1DAE	0000	6
		_I2C_SetDataCompleteCallback		CODE           	1E39	0000	12
		_I2C_DO_RX_NACK_RESTART		CODE           	1D7E	0000	4
		_I2C_MasterSendAck		CODE           	1D62	0000	4
		_I2C_MasterFsm 		CODE           	10FF	0000	41
		_I2C_MasterSetIrq		CODE           	1D4D	0000	2
		_I2C_DO_SEND_RESTART_READ		CODE           	1D66	0000	4
		_I2C_Initialize		CODE           	1E19	0000	10
		_I2C_SetBuffer 		CODE           	1ED1	0000	20
		_I2C_MasterRead		CODE           	1D82	0000	4
		_I2C_MasterOpen		CODE           	1E45	0000	12
		_I2C_MasterSendTxData		CODE           	1DA8	0000	6
		_I2C_MasterStop		CODE           	1D5B	0000	3

mcc_generated_files/i2c_master.c estimated size: 639

mcc_generated_files/eusart.c
		_EUSART_SetRxInterruptHandler		CODE           	1DF4	0000	8
		_EUSART_SetTxInterruptHandler		CODE           	1D99	0000	5
		_EUSART_Initialize		CODE           	11F6	0000	69
		_EUSART_SetFramingErrorHandler		CODE           	1DE4	0000	8
		_EUSART_SetErrorHandler		CODE           	1DDC	0000	8
		_EUSART_SetOverrunErrorHandler		CODE           	1DEC	0000	8

mcc_generated_files/eusart.c estimated size: 106

main.c
		_map           		CODE           	13FA	0000	270
		_main          		CODE           	0D23	0000	733
		_MCP3422_ReadVoltage		CODE           	1306	0000	121
		_get_ntc_temperature		CODE           	08E7	0000	392
		_MCP3422_Read  		CODE           	1E79	0000	16
		_MCP3422_Write 		CODE           	1E6B	0000	14

main.c estimated size: 1546

