Microchip MPLAB XC8 Compiler V2.36

Linker command line:

-W-3 --edf=C:\Program Files\Microchip\xc8\v2.36\pic\dat\en_msgs.txt -cn \
  -h+.ca/dist/defaultActiveCA/production\sense_mbus.X.production.sym \
  --cmf=.ca/dist/defaultActiveCA/production\sense_mbus.X.production.cmf -z \
  -Q16F1509 -oC:\Users\nikun\AppData\Local\Temp\xcAsc98.4 \
  --defsym=__MPLAB_BUILD=1 \
  -M.ca/dist/defaultActiveCA/production/sense_mbus.X.production.map \
  --md=C:\Users\nikun\AppData\Local\Temp\xcAsc98.dat -E1 -ver=XC8 Compiler \
  --acfsm=1493 -p_HEFregion_text=1FE0h -ACODE=00h-07FFhx3,01800h-01FDFh \
  -ASTRCODE=00h-01FDFh -ASTRING=00h-0FFhx31,01F00h-01FDFh \
  -ACONST=00h-0FFhx31,01F00h-01FDFh -AENTRY=00h-0FFhx31,01F00h-01FDFh \
  -ACOMMON=070h-07Fh -ABANK0=020h-06Fh -ABANK1=0A0h-0EFh \
  -ABANK2=0120h-016Fh -ABANK3=01A0h-01EFh -ABANK4=0220h-026Fh \
  -ABANK5=02A0h-02EFh -ABANK6=0320h-032Fh -ABIGRAM=02000h-021EFh \
  -ARAM=020h-06Fh,0A0h-0EFh,0120h-016Fh,01A0h-01EFh,0220h-026Fh,02A0h-02EFh,0320h-032Fh \
  -AABS1=020h-07Fh,0A0h-0EFh,0120h-016Fh,01A0h-01EFh,0220h-026Fh,02A0h-02EFh,0320h-032Fh \
  -ASFR0=00h-01Fh -ASFR1=080h-09Fh -ASFR2=0100h-011Fh -ASFR3=0180h-019Fh \
  -ASFR4=0200h-021Fh -ASFR5=0280h-029Fh -ASFR6=0300h-031Fh \
  -ASFR7=0380h-03EFh -ASFR8=0400h-046Fh -ASFR9=0480h-04EFh \
  -ASFR10=0500h-056Fh -ASFR11=0580h-05EFh -ASFR12=0600h-066Fh \
  -ASFR13=0680h-06EFh -ASFR14=0700h-076Fh -ASFR15=0780h-07EFh \
  -ASFR16=0800h-086Fh -ASFR17=0880h-08EFh -ASFR18=0900h-096Fh \
  -ASFR19=0980h-09EFh -ASFR20=0A00h-0A6Fh -ASFR21=0A80h-0AEFh \
  -ASFR22=0B00h-0B6Fh -ASFR23=0B80h-0BEFh -ASFR24=0C00h-0C6Fh \
  -ASFR25=0C80h-0CEFh -ASFR26=0D00h-0D6Fh -ASFR27=0D80h-0DEFh \
  -ASFR28=0E00h-0E6Fh -ASFR29=0E80h-0EEFh -ASFR30=0F00h-0F6Fh \
  -ASFR31=0F80h-0FEFh -ACONFIG=08007h-08008h -DCONFIG=2 \
  -AIDLOC=08000h-08003h -DIDLOC=2 -DCODE=2 -DSTRCODE=2 -DSTRING=2 -DCONST=2 \
  -DENTRY=2 -preset_vec=00h,intentry=04h,init,end_init -ppowerup=CODE \
  -pcinit=CODE -pfunctab=ENTRY -k \
  C:\Users\nikun\AppData\Local\Temp\xcAsc98.o \
  .ca/dist/defaultActiveCA/production\sense_mbus.X.production.o 

Object code version is 3.11

Machine type is 16F1509



                Name                               Link     Load   Length Selector   Space Scale
C:\Users\nikun\AppData\Local\Temp\xcAsc98.o
                end_init                             48       48        2        8       0
                reset_vec                             0        0        2        0       0
                config                             8007     8007        2        0       4
                idloc                              8000     8000        4        0       5
.ca/dist/defaultActiveCA/production\sense_mbus.X.production.o
                cinit                                4A       4A       31        8       0
                intentry                              4        4       44        8       0
                config                             8007     8007        2        0       4
                idloc                              8000     8000        4        0       5
                text96                             1A77     1A77        1     34EE       0
                text95                             1B65     1B65        D     36CA       0
                text94                             1B09     1B09        8     3612       0
                text93                             1B59     1B59        C     36B2       0
                text92                             1B72     1B72        D     36E4       0
                text91                              800      800       11     1000       0
                text90                             1B7F     1B7F        D     36FE       0
                text89                             1DB7     1DB7       2E     3B6E       0
                text88                             1418     1418      1B0     2830       0
                text87                             1EA5     1EA5       34     3D4A       0
                text86                             1E13     1E13       2F     3C26       0
                text84                             1CC5     1CC5       20     398A       0
                text83                             1CE5     1CE5       20     39CA       0
                text82                             1068     1068       6E     20D0       0
                text81                             1C21     1C21       15     3842       0
                text80                             1A7A     1A7A        3     34F4       0
                text79                             1A7D     1A7D        3     34FA       0
                text78                             1A80     1A80        3     3500       0
                text77                             1D05     1D05       21     3A0A       0
                text76                             1A83     1A83        3     3506       0
                text75                             1A86     1A86        3     350C       0
                text74                             1A89     1A89        3     3512       0
                text73                             1C62     1C62       17     38C4       0
                text72                              7D3      7D3       2B        8       0
                text71                             1B99     1B99        E     3732       0
                text70                             1BD5     1BD5       13     37AA       0
                text69                             1BE8     1BE8       13     37D0       0
                text68                             1BFB     1BFB       13     37F6       0
                text67                             1C0E     1C0E       13     381C       0
                text66                             1CAB     1CAB       1A     3956       0
                text65                             1A78     1A78        2     34F0       0
                text64                                2        2        2        0       0
                text63                             1A8C     1A8C        3     3518       0
                text62                             1A95     1A95        4     352A       0
                text61                             1A8F     1A8F        3     351E       0
                text60                             1A99     1A99        4     3532       0
                text59                             1AD8     1AD8        6     35B0       0
                text58                             1ADE     1ADE        6     35BC       0
                text57                             1A92     1A92        3     3524       0
                text56                             1E73     1E73       32     3CE6       0
                text55                             1AA1     1AA1        5     3542       0
                text54                             1B19     1B19        9     3632       0
                text53                             1B11     1B11        8     3622       0
                text52                             100F     100F       59     201E       0
                text51                             1F94     1F94       4C     3F28       0
                text50                             1B02     1B02        7     3604       0
                text49                             1AA6     1AA6        5     354C       0
                text48                             1AAB     1AAB        5     3556       0
                text47                             1AB0     1AB0        5     3560       0
                text46                             1AB5     1AB5        5     356A       0
                text45                             1ABA     1ABA        5     3574       0
                text44                             1ABF     1ABF        5     357E       0
                text43                             1AC4     1AC4        5     3588       0
                text42                             1AC9     1AC9        5     3592       0
                text41                             1E42     1E42       31     3C84       0
                text40                             1DE5     1DE5       2E     3BCA       0
                text39                             1AE4     1AE4        6     35C8       0
                text38                             1B8C     1B8C        D     3718       0
                text37                             1D47     1D47       23     3A8E       0
                text36                             1ACE     1ACE        5     359C       0
                text35                             1BA7     1BA7        E     374E       0
                text34                             1F0F     1F0F       41     3E1E       0
                text33                             1D26     1D26       21     3A4C       0
                text32                             1BC3     1BC3       12     3786       0
                text31                             1AD3     1AD3        5     35A6       0
                text30                             1BB5     1BB5        E     376A       0
                text29                             1D8E     1D8E       29     3B1C       0
                text28                             1000     1000        F     193A       0
                text27                             1D6A     1D6A       24     3AD4       0
                text26                              9A4      9A4      2F9     1348       0
                text25                             1252     1252       AD     24A4       0
                text24                             114B     114B       7C     2296       0
                text23                             1B22     1B22        9     3644       0
                text22                             1B2B     1B2B        9     3656       0
                text21                             1B34     1B34        9     3668       0
                text20                             1B3D     1B3D        9     367A       0
                text19                             1B46     1B46        9     368C       0
                text18                             1F50     1F50       44     3EA0       0
                text17                             1B4F     1B4F        A     369E       0
                text16                             1AEA     1AEA        6     35D4       0
                text15                             1C79     1C79       19     38F2       0
                text14                             1AF0     1AF0        6     35E0       0
                text13                             1C36     1C36       16     386C       0
                text12                             1AF6     1AF6        6     35EC       0
                text11                             1C92     1C92       19     3924       0
                text10                             1A9D     1A9D        4     353A       0
                text9                              1C4C     1C4C       16     3898       0
                text8                              11C7     11C7       8B     238E       0
                text7                               61F      61F      1B4        8       0
                text6                              15C8     15C8      238     2B90       0
                text5                              1ED9     1ED9       36     3DB2       0
                text4                                7B       7B      5A4        8       0
                text3                               811      811      193     1022       0
                text2                              10D6     10D6       75     21AC       0
                text1                              12FF     12FF      119     25FE       0
                maintext                            C9D      C9D      363     193A       0
                cstackBANK0                          20       20       31       20       1
                cstackCOMMON                         70       70        C       70       1
                cstackBANK1                          A0       A0       4F       A0       1
                cstackBANK2                         120      120       4E      120       1
                cstackBANK3                         1D2      1D2       1A      1A0       1
                clrtext                            1AFC     1AFC        6     35F8       0
                bssBANK5                            2A0      2A0       50      2A0       1
                bssBANK4                            220      220       3D      220       1
                bssBANK3                            1A0      1A0       32      1A0       1
                bssBANK2                            16E      16E        2      120       1
                dataBANK0                            64       64        2       20       1
                bssBANK0                             51       51        B       20       1
                bssCOMMON                            7C       7C        2       70       1
                nvBANK4                             25D      25D        6      220       1
                nvBANK3                             1EC      1EC        4      1A0       1
                nvBANK0                              5C       5C        8       20       1
                _HEFregion_text                    1FE0     1FE0       40     3FC0       0
                stringtext7                        1834     1834        4     3000       0
                stringtext6                        1830     1830        4     3000       0
                stringtext5                        182C     182C        4     3000       0
                stringtext4                        1828     1828        4     3000       0
                stringtext3                        1824     1824        4     3000       0
                stringtext2                        1820     1820        4     3000       0
                stringtext1                        1800     1800       20     3000       0
                idataBANK0                          7FE      7FE        2        8       0

TOTAL           Name                               Link     Load   Length     Space
        CLASS   CODE           
                end_init                             48       48        2         0
                cinit                                4A       4A       31         0
                intentry                              4        4       44         0
                reset_vec                             0        0        2         0
                text96                             1A77     1A77        1         0
                text95                             1B65     1B65        D         0
                text94                             1B09     1B09        8         0
                text93                             1B59     1B59        C         0
                text92                             1B72     1B72        D         0
                text91                              800      800       11         0
                text90                             1B7F     1B7F        D         0
                text89                             1DB7     1DB7       2E         0
                text88                             1418     1418      1B0         0
                text87                             1EA5     1EA5       34         0
                text86                             1E13     1E13       2F         0
                text84                             1CC5     1CC5       20         0
                text83                             1CE5     1CE5       20         0
                text82                             1068     1068       6E         0
                text81                             1C21     1C21       15         0
                text80                             1A7A     1A7A        3         0
                text79                             1A7D     1A7D        3         0
                text78                             1A80     1A80        3         0
                text77                             1D05     1D05       21         0
                text76                             1A83     1A83        3         0
                text75                             1A86     1A86        3         0
                text74                             1A89     1A89        3         0
                text73                             1C62     1C62       17         0
                text72                              7D3      7D3       2B         0
                text71                             1B99     1B99        E         0
                text70                             1BD5     1BD5       13         0
                text69                             1BE8     1BE8       13         0
                text68                             1BFB     1BFB       13         0
                text67                             1C0E     1C0E       13         0
                text66                             1CAB     1CAB       1A         0
                text65                             1A78     1A78        2         0
                text64                                2        2        2         0
                text63                             1A8C     1A8C        3         0
                text62                             1A95     1A95        4         0
                text61                             1A8F     1A8F        3         0
                text60                             1A99     1A99        4         0
                text59                             1AD8     1AD8        6         0
                text58                             1ADE     1ADE        6         0
                text57                             1A92     1A92        3         0
                text56                             1E73     1E73       32         0
                text55                             1AA1     1AA1        5         0
                text54                             1B19     1B19        9         0
                text53                             1B11     1B11        8         0
                text52                             100F     100F       59         0
                text51                             1F94     1F94       4C         0
                text50                             1B02     1B02        7         0
                text49                             1AA6     1AA6        5         0
                text48                             1AAB     1AAB        5         0
                text47                             1AB0     1AB0        5         0
                text46                             1AB5     1AB5        5         0
                text45                             1ABA     1ABA        5         0
                text44                             1ABF     1ABF        5         0
                text43                             1AC4     1AC4        5         0
                text42                             1AC9     1AC9        5         0
                text41                             1E42     1E42       31         0
                text40                             1DE5     1DE5       2E         0
                text39                             1AE4     1AE4        6         0
                text38                             1B8C     1B8C        D         0
                text37                             1D47     1D47       23         0
                text36                             1ACE     1ACE        5         0
                text35                             1BA7     1BA7        E         0
                text34                             1F0F     1F0F       41         0
                text33                             1D26     1D26       21         0
                text32                             1BC3     1BC3       12         0
                text31                             1AD3     1AD3        5         0
                text30                             1BB5     1BB5        E         0
                text29                             1D8E     1D8E       29         0
                text28                             1000     1000        F         0
                text27                             1D6A     1D6A       24         0
                text26                              9A4      9A4      2F9         0
                text25                             1252     1252       AD         0
                text24                             114B     114B       7C         0
                text23                             1B22     1B22        9         0
                text22                             1B2B     1B2B        9         0
                text21                             1B34     1B34        9         0
                text20                             1B3D     1B3D        9         0
                text19                             1B46     1B46        9         0
                text18                             1F50     1F50       44         0
                text17                             1B4F     1B4F        A         0
                text16                             1AEA     1AEA        6         0
                text15                             1C79     1C79       19         0
                text14                             1AF0     1AF0        6         0
                text13                             1C36     1C36       16         0
                text12                             1AF6     1AF6        6         0
                text11                             1C92     1C92       19         0
                text10                             1A9D     1A9D        4         0
                text9                              1C4C     1C4C       16         0
                text8                              11C7     11C7       8B         0
                text7                               61F      61F      1B4         0
                text6                              15C8     15C8      238         0
                text5                              1ED9     1ED9       36         0
                text4                                7B       7B      5A4         0
                text3                               811      811      193         0
                text2                              10D6     10D6       75         0
                text1                              12FF     12FF      119         0
                maintext                            C9D      C9D      363         0
                clrtext                            1AFC     1AFC        6         0
                idataBANK0                          7FE      7FE        2         0

        CLASS   STRCODE        
                _HEFregion_text                    1FE0     1FE0       40         0
                stringtext7                        1834     1834        4         0
                stringtext6                        1830     1830        4         0
                stringtext5                        182C     182C        4         0
                stringtext4                        1828     1828        4         0
                stringtext3                        1824     1824        4         0
                stringtext2                        1820     1820        4         0
                stringtext1                        1800     1800       20         0

        CLASS   STRING         

        CLASS   CONST          

        CLASS   ENTRY          

        CLASS   COMMON         
                cstackCOMMON                         70       70        C         1
                bssCOMMON                            7C       7C        2         1

        CLASS   BANK0          
                cstackBANK0                          20       20       31         1
                dataBANK0                            64       64        2         1
                bssBANK0                             51       51        B         1
                nvBANK0                              5C       5C        8         1

        CLASS   BANK1          
                cstackBANK1                          A0       A0       4F         1

        CLASS   BANK2          
                cstackBANK2                         120      120       4E         1
                bssBANK2                            16E      16E        2         1

        CLASS   BANK3          
                cstackBANK3                         1D2      1D2       1A         1
                bssBANK3                            1A0      1A0       32         1
                nvBANK3                             1EC      1EC        4         1

        CLASS   BANK4          
                bssBANK4                            220      220       3D         1
                nvBANK4                             25D      25D        6         1

        CLASS   BANK5          
                bssBANK5                            2A0      2A0       50         1

        CLASS   BANK6          

        CLASS   BIGRAM         

        CLASS   RAM            

        CLASS   ABS1           
                abs_s1                               7E       7E        2         1

        CLASS   SFR0           

        CLASS   SFR1           

        CLASS   SFR2           

        CLASS   SFR3           

        CLASS   SFR4           

        CLASS   SFR5           

        CLASS   SFR6           

        CLASS   SFR7           

        CLASS   SFR8           

        CLASS   SFR9           

        CLASS   SFR10          

        CLASS   SFR11          

        CLASS   SFR12          

        CLASS   SFR13          

        CLASS   SFR14          

        CLASS   SFR15          

        CLASS   SFR16          

        CLASS   SFR17          

        CLASS   SFR18          

        CLASS   SFR19          

        CLASS   SFR20          

        CLASS   SFR21          

        CLASS   SFR22          

        CLASS   SFR23          

        CLASS   SFR24          

        CLASS   SFR25          

        CLASS   SFR26          

        CLASS   SFR27          

        CLASS   SFR28          

        CLASS   SFR29          

        CLASS   SFR30          

        CLASS   SFR31          

        CLASS   CONFIG         
                config                             8007     8007        2         4

        CLASS   IDLOC          
                idloc                              8000     8000        4         5

        CLASS   BANK31         

        CLASS   BANK30         

        CLASS   BANK29         

        CLASS   BANK28         

        CLASS   BANK27         

        CLASS   BANK26         

        CLASS   BANK25         

        CLASS   BANK24         

        CLASS   BANK23         

        CLASS   BANK22         

        CLASS   BANK21         

        CLASS   BANK20         

        CLASS   BANK19         

        CLASS   BANK18         

        CLASS   BANK17         

        CLASS   BANK16         

        CLASS   BANK15         

        CLASS   BANK14         

        CLASS   BANK13         

        CLASS   BANK12         

        CLASS   BANK11         

        CLASS   BANK10         

        CLASS   BANK9          

        CLASS   BANK8          

        CLASS   BANK7          

        CLASS   HEAP           

        CLASS   STACK          

        CLASS   EEDATA         



SEGMENTS        Name                           Load    Length   Top    Selector   Space  Class     Delta

                reset_vec                      000000  000004  000004         0       0  CODE        2
                intentry                       000004  0007FC  000800         8       0  CODE        2
                cstackBANK0                    000020  000046  000066        20       1  BANK0       1
                cstackCOMMON                   000070  00000E  00007E        70       1  COMMON      1
                cstackBANK1                    0000A0  00004F  0000EF        A0       1  BANK1       1
                cstackBANK2                    000120  000050  000170       120       1  BANK2       1
                bssBANK3                       0001A0  000050  0001F0       1A0       1  BANK3       1
                bssBANK4                       000220  000043  000263       220       1  BANK4       1
                bssBANK5                       0002A0  000050  0002F0       2A0       1  BANK5       1
                text91                         000800  000011  000811      1000       0  CODE        2
                text3                          000811  000193  0009A4      1022       0  CODE        2
                text26                         0009A4  0002F9  000C9D      1348       0  CODE        2
                maintext                       000C9D  000372  00100F      193A       0  CODE        2
                text52                         00100F  000059  001068      201E       0  CODE        2
                text82                         001068  00006E  0010D6      20D0       0  CODE        2
                text2                          0010D6  000075  00114B      21AC       0  CODE        2
                text24                         00114B  00007C  0011C7      2296       0  CODE        2
                text8                          0011C7  00008B  001252      238E       0  CODE        2
                text25                         001252  0000AD  0012FF      24A4       0  CODE        2
                text1                          0012FF  000119  001418      25FE       0  CODE        2
                text88                         001418  0001B0  0015C8      2830       0  CODE        2
                text6                          0015C8  000238  001800      2B90       0  CODE        2
                stringtext1                    001800  000038  001838      3000       0  STRCODE     2
                text96                         001A77  000001  001A78      34EE       0  CODE        2
                text65                         001A78  000002  001A7A      34F0       0  CODE        2
                text80                         001A7A  000003  001A7D      34F4       0  CODE        2
                text79                         001A7D  000003  001A80      34FA       0  CODE        2
                text78                         001A80  000003  001A83      3500       0  CODE        2
                text76                         001A83  000003  001A86      3506       0  CODE        2
                text75                         001A86  000003  001A89      350C       0  CODE        2
                text74                         001A89  000003  001A8C      3512       0  CODE        2
                text63                         001A8C  000003  001A8F      3518       0  CODE        2
                text61                         001A8F  000003  001A92      351E       0  CODE        2
                text57                         001A92  000003  001A95      3524       0  CODE        2
                text62                         001A95  000004  001A99      352A       0  CODE        2
                text60                         001A99  000004  001A9D      3532       0  CODE        2
                text10                         001A9D  000004  001AA1      353A       0  CODE        2
                text55                         001AA1  000005  001AA6      3542       0  CODE        2
                text49                         001AA6  000005  001AAB      354C       0  CODE        2
                text48                         001AAB  000005  001AB0      3556       0  CODE        2
                text47                         001AB0  000005  001AB5      3560       0  CODE        2
                text46                         001AB5  000005  001ABA      356A       0  CODE        2
                text45                         001ABA  000005  001ABF      3574       0  CODE        2
                text44                         001ABF  000005  001AC4      357E       0  CODE        2
                text43                         001AC4  000005  001AC9      3588       0  CODE        2
                text42                         001AC9  000005  001ACE      3592       0  CODE        2
                text36                         001ACE  000005  001AD3      359C       0  CODE        2
                text31                         001AD3  000005  001AD8      35A6       0  CODE        2
                text59                         001AD8  000006  001ADE      35B0       0  CODE        2
                text58                         001ADE  000006  001AE4      35BC       0  CODE        2
                text39                         001AE4  000006  001AEA      35C8       0  CODE        2
                text16                         001AEA  000006  001AF0      35D4       0  CODE        2
                text14                         001AF0  000006  001AF6      35E0       0  CODE        2
                text12                         001AF6  000006  001AFC      35EC       0  CODE        2
                clrtext                        001AFC  000006  001B02      35F8       0  CODE        2
                text50                         001B02  000007  001B09      3604       0  CODE        2
                text94                         001B09  000008  001B11      3612       0  CODE        2
                text53                         001B11  000008  001B19      3622       0  CODE        2
                text54                         001B19  000009  001B22      3632       0  CODE        2
                text23                         001B22  000009  001B2B      3644       0  CODE        2
                text22                         001B2B  000009  001B34      3656       0  CODE        2
                text21                         001B34  000009  001B3D      3668       0  CODE        2
                text20                         001B3D  000009  001B46      367A       0  CODE        2
                text19                         001B46  000009  001B4F      368C       0  CODE        2
                text17                         001B4F  00000A  001B59      369E       0  CODE        2
                text93                         001B59  00000C  001B65      36B2       0  CODE        2
                text95                         001B65  00000D  001B72      36CA       0  CODE        2
                text92                         001B72  00000D  001B7F      36E4       0  CODE        2
                text90                         001B7F  00000D  001B8C      36FE       0  CODE        2
                text38                         001B8C  00000D  001B99      3718       0  CODE        2
                text71                         001B99  00000E  001BA7      3732       0  CODE        2
                text35                         001BA7  00000E  001BB5      374E       0  CODE        2
                text30                         001BB5  00000E  001BC3      376A       0  CODE        2
                text32                         001BC3  000012  001BD5      3786       0  CODE        2
                text70                         001BD5  000013  001BE8      37AA       0  CODE        2
                text69                         001BE8  000013  001BFB      37D0       0  CODE        2
                text68                         001BFB  000013  001C0E      37F6       0  CODE        2
                text67                         001C0E  000013  001C21      381C       0  CODE        2
                text81                         001C21  000015  001C36      3842       0  CODE        2
                text13                         001C36  000016  001C4C      386C       0  CODE        2
                text9                          001C4C  000016  001C62      3898       0  CODE        2
                text73                         001C62  000017  001C79      38C4       0  CODE        2
                text15                         001C79  000019  001C92      38F2       0  CODE        2
                text11                         001C92  000019  001CAB      3924       0  CODE        2
                text66                         001CAB  00001A  001CC5      3956       0  CODE        2
                text84                         001CC5  000020  001CE5      398A       0  CODE        2
                text83                         001CE5  000020  001D05      39CA       0  CODE        2
                text77                         001D05  000021  001D26      3A0A       0  CODE        2
                text33                         001D26  000021  001D47      3A4C       0  CODE        2
                text37                         001D47  000023  001D6A      3A8E       0  CODE        2
                text27                         001D6A  000024  001D8E      3AD4       0  CODE        2
                text29                         001D8E  000029  001DB7      3B1C       0  CODE        2
                text89                         001DB7  00002E  001DE5      3B6E       0  CODE        2
                text40                         001DE5  00002E  001E13      3BCA       0  CODE        2
                text86                         001E13  00002F  001E42      3C26       0  CODE        2
                text41                         001E42  000031  001E73      3C84       0  CODE        2
                text56                         001E73  000032  001EA5      3CE6       0  CODE        2
                text87                         001EA5  000034  001ED9      3D4A       0  CODE        2
                text5                          001ED9  000036  001F0F      3DB2       0  CODE        2
                text34                         001F0F  000041  001F50      3E1E       0  CODE        2
                text18                         001F50  000044  001F94      3EA0       0  CODE        2
                text51                         001F94  00004C  001FE0      3F28       0  CODE        2
                _HEFregion_text                001FE0  000040  002020      3FC0       0  STRCODE     2


UNUSED ADDRESS RANGES

        Name                Unused          Largest block    Delta
        BANK0            00066-0006F               A           1
        BANK1            000EF-000EF               1           1
        BANK4            00263-0026F               D           1
        BANK6            00320-0032F              10           1
        BIGRAM           02000-021EF             1F0           1
        CODE             01838-01A76             23F           2
        CONST            01838-01A76             100           2
        ENTRY            01838-01A76             100           2
        RAM              00066-0006F               A           1
                         000EF-000EF               1
                         00263-0026F               D
                         00320-0032F              10
        SFR0             00000-0001F              20           1
        SFR1             00080-0009F              20           1
        SFR10            00500-0056F              70           1
        SFR11            00580-005EF              70           1
        SFR12            00600-0066F              70           1
        SFR13            00680-006EF              70           1
        SFR14            00700-0076F              70           1
        SFR15            00780-007EF              70           1
        SFR16            00800-0086F              70           1
        SFR17            00880-008EF              70           1
        SFR18            00900-0096F              70           1
        SFR19            00980-009EF              70           1
        SFR2             00100-0011F              20           1
        SFR20            00A00-00A6F              70           1
        SFR21            00A80-00AEF              70           1
        SFR22            00B00-00B6F              70           1
        SFR23            00B80-00BEF              70           1
        SFR24            00C00-00C6F              70           1
        SFR25            00C80-00CEF              70           1
        SFR26            00D00-00D6F              70           1
        SFR27            00D80-00DEF              70           1
        SFR28            00E00-00E6F              70           1
        SFR29            00E80-00EEF              70           1
        SFR3             00180-0019F              20           1
        SFR30            00F00-00F6F              70           1
        SFR31            00F80-00FEF              70           1
        SFR4             00200-0021F              20           1
        SFR5             00280-0029F              20           1
        SFR6             00300-0031F              20           1
        SFR7             00380-003EF              70           1
        SFR8             00400-0046F              70           1
        SFR9             00480-004EF              70           1
        STRCODE          01838-01A76             23F           2
        STRING           01838-01A76             100           2

                                  Symbol Table

?_FLASH_ReadWord                               cstackBANK0     0002A
?_MCP3422_ReadVoltage                          cstackBANK1     000BD
?__Umul8_16                                    cstackBANK0     0002A
?___fladd                                      cstackBANK0     00038
?___fldiv                                      cstackBANK1     000BD
?___flmul                                      cstackBANK1     000A8
?___flsub                                      cstackBANK1     000A0
?___fltol                                      cstackBANK1     000D7
?___xxtofl                                     cstackBANK0     0002A
?_logf                                         cstackBANK1     000D7
?_map                                          cstackBANK2     00120
EUSART_SetErrorHandler@interruptHandler        cstackBANK0     0002A
EUSART_SetFramingErrorHandler@interruptHandler cstackBANK0     0002A
EUSART_SetOverrunErrorHandler@interruptHandler cstackBANK0     0002A
EUSART_SetRxInterruptHandler@interruptHandler  cstackBANK0     0002A
EUSART_SetTxInterruptHandler@interruptHandler  cstackBANK0     0002A
FLASH_EraseBlock@GIEBitValue                   cstackBANK0     0002C
FLASH_EraseBlock@startAddr                     cstackBANK0     0002A
FLASH_ReadWord@GIEBitValue                     cstackBANK0     0002C
FLASH_ReadWord@flashAddr                       cstackBANK0     0002A
FLASH_WriteBlock@GIEBitValue                   cstackBANK0     00035
FLASH_WriteBlock@blockStartAddr                cstackBANK0     00033
FLASH_WriteBlock@flashWordArray                cstackBANK0     0002F
FLASH_WriteBlock@i                             cstackBANK0     00036
FLASH_WriteBlock@writeAddr                     cstackBANK0     0002D
I2C_CallbackReturnReset@funPtr                 cstackBANK0     00033
I2C_Close@returnValue                          cstackBANK0     0002B
I2C_MasterOperation@read                       cstackBANK0     0003B
I2C_MasterOperation@returnValue                cstackBANK0     0003C
I2C_MasterSendTxData@data                      cstackBANK0     0002A
I2C_Open@address                               cstackBANK0     0002B
I2C_Open@returnValue                           cstackBANK0     0002C
I2C_ReadNBytes@address                         cstackBANK0     00040
I2C_ReadNBytes@data                            cstackBANK0     0003D
I2C_ReadNBytes@len                             cstackBANK0     0003E
I2C_SetAddressNackCallback@cb                  cstackBANK0     0002F
I2C_SetAddressNackCallback@ptr                 cstackBANK0     00031
I2C_SetBuffer@buffer                           cstackBANK0     0002D
I2C_SetBuffer@bufferSize                       cstackBANK0     0002A
I2C_SetCallback@cb                             cstackBANK0     0002A
I2C_SetCallback@idx                            cstackBANK0     0002E
I2C_SetCallback@ptr                            cstackBANK0     0002C
I2C_SetDataCompleteCallback@cb                 cstackBANK0     0002F
I2C_SetDataCompleteCallback@ptr                cstackBANK0     00031
I2C_WriteNBytes@address                        cstackBANK0     00040
I2C_WriteNBytes@data                           cstackBANK0     0003D
I2C_WriteNBytes@len                            cstackBANK0     0003E
InitModbusSlave@u8SlaveId                      cstackBANK0     0002B
MCP3422_Read@count                             cstackBANK0     00041
MCP3422_Read@data                              cstackBANK0     00045
MCP3422_ReadVoltage@adc_value                  cstackBANK1     000C9
MCP3422_ReadVoltage@channel                    cstackBANK1     000C5
MCP3422_ReadVoltage@data                       cstackBANK1     000C6
MCP3422_Write@data                             cstackBANK0     00042
ModbusSlaveProcessReceivedQuery@i              cstackBANK0     00027
ModbusSlaveProcessReceivedQuery@j              cstackBANK0     00025
ModbusSlaveProcessReceivedQuery@k              cstackBANK0     00021
ModbusSlaveProcessReceivedQuery@u16Data        cstackBANK0     00023
ModbusSlaveProcessReceivedQuery@u8ReadReg      cstackBANK0     00020
TMR0_SetInterruptHandler@InterruptHandler      cstackBANK0     0002A
TMR1_SetInterruptHandler@InterruptHandler      cstackBANK0     0002A
TMR1_WriteTimer@timerVal                       cstackCOMMON    00070
_ANSELA                                        (abs)           0018C
_ANSELB                                        (abs)           0018D
_ANSELC                                        (abs)           0018E
_APFCON                                        (abs)           0011D
_BAUDCON                                       (abs)           0019F
_BORCON                                        (abs)           00116
_EUSART_DefaultErrorHandler                    (abs)           00000
_EUSART_DefaultFramingErrorHandler             (abs)           00000
_EUSART_DefaultOverrunErrorHandler             (abs)           00000
_EUSART_ErrorHandler                           nvBANK4         0025D
_EUSART_FramingErrorHandler                    nvBANK4         00261
_EUSART_Initialize                             text18          01F50
_EUSART_OverrunErrorHandler                    nvBANK4         0025F
_EUSART_RxDefaultInterruptHandler              nvBANK3         001EC
_EUSART_SetErrorHandler                        text23          01B22
_EUSART_SetFramingErrorHandler                 text22          01B2B
_EUSART_SetOverrunErrorHandler                 text21          01B34
_EUSART_SetRxInterruptHandler                  text20          01B3D
_EUSART_SetTxInterruptHandler                  text19          01B46
_EUSART_TxDefaultInterruptHandler              nvBANK3         001EE
_FLASH_EraseBlock                              text83          01CE5
_FLASH_ReadWord                                text84          01CC5
_FLASH_WriteBlock                              text82          01068
_HEFregion                                     _HEFregion_text 01FE0
_HEFregion_absaddr                             (abs)           01FE0
_I2C_CallbackReturnReset                       text64          00002
_I2C_CallbackReturnStop                        text65          01A78
_I2C_Close                                     text77          01D05
_I2C_DO_ADDRESS_NACK                           text41          01E42
_I2C_DO_IDLE                                   text55          01AA1
_I2C_DO_RCEN                                   text50          01B02
_I2C_DO_RESET                                  text42          01AC9
_I2C_DO_RX                                     text51          01F94
_I2C_DO_RX_ACK                                 text45          01ABA
_I2C_DO_RX_NACK_RESTART                        text43          01AC4
_I2C_DO_RX_NACK_STOP                           text44          01ABF
_I2C_DO_SEND_ADR_READ                          text54          01B19
_I2C_DO_SEND_ADR_WRITE                         text53          01B11
_I2C_DO_SEND_RESTART                           text47          01AB0
_I2C_DO_SEND_RESTART_READ                      text49          01AA6
_I2C_DO_SEND_RESTART_WRITE                     text48          01AAB
_I2C_DO_SEND_STOP                              text46          01AB5
_I2C_DO_TX                                     text52          0100F
_I2C_DO_TX_EMPTY                               text56          01E73
_I2C_Initialize                                text17          01B4F
_I2C_MasterClearIrq                            text80          01A7A
_I2C_MasterClose                               text79          01A7D
_I2C_MasterDisableIrq                          text78          01A80
_I2C_MasterEnableRestart                       text75          01A86
_I2C_MasterFsm                                 text40          01DE5
_I2C_MasterGetRxData                           text61          01A8F
_I2C_MasterIsNack                              text58          01ADE
_I2C_MasterOpen                                text35          01BA7
_I2C_MasterOperation                           text37          01D47
_I2C_MasterRead                                text36          01ACE
_I2C_MasterSendAck                             text60          01A99
_I2C_MasterSendNack                            text62          01A95
_I2C_MasterSendTxData                          text59          01AD8
_I2C_MasterSetIrq                              text57          01A92
_I2C_MasterStart                               text76          01A83
_I2C_MasterStartRx                             text63          01A8C
_I2C_MasterStop                                text74          01A89
_I2C_MasterWaitForEvent                        text39          01AE4
_I2C_MasterWrite                               text31          01AD3
_I2C_Open                                      text34          01F0F
_I2C_Poller                                    text38          01B8C
_I2C_ReadNBytes                                text33          01D26
_I2C_SetAddressNackCallback                    text30          01BB5
_I2C_SetBuffer                                 text73          01C62
_I2C_SetCallback                               text72          007D3
_I2C_SetDataCompleteCallback                   text71          01B99
_I2C_Status                                    bssBANK4        00220
_I2C_WriteNBytes                               text29          01D8E
_INTCONbits                                    (abs)           0000B
_INTERRUPT_InterruptManager                    intentry        00004
_InitModbusSlave                               text81          01C21
_LATA                                          (abs)           0010C
_LATB                                          (abs)           0010D
_LATC                                          (abs)           0010E
_LATCbits                                      (abs)           0010E
_MCP3422_Read                                  text32          01BC3
_MCP3422_ReadVoltage                           text24          0114B
_MCP3422_Write                                 text28          01000
_ModbusSlaveProcessReceivedQuery               text88          01418
_OPTION_REG                                    (abs)           00095
_OPTION_REGbits                                (abs)           00095
_OSCCON                                        (abs)           00099
_OSCILLATOR_Initialize                         text16          01AEA
_PIE1bits                                      (abs)           00091
_PIN_MANAGER_Initialize                        text15          01C79
_PIR1bits                                      (abs)           00011
_PIR2bits                                      (abs)           00012
_PMADRH                                        (abs)           00192
_PMADRL                                        (abs)           00191
_PMCON1bits                                    (abs)           00195
_PMCON2                                        (abs)           00196
_PMDATH                                        (abs)           00194
_PMDATL                                        (abs)           00193
_RCREG                                         (abs)           00199
_RCSTA                                         (abs)           0019D
_RCSTAbits                                     (abs)           0019D
_SPBRGH                                        (abs)           0019C
_SPBRGL                                        (abs)           0019B
_SSP1ADD                                       (abs)           00212
_SSP1BUF                                       (abs)           00211
_SSP1CON1                                      (abs)           00215
_SSP1CON1bits                                  (abs)           00215
_SSP1CON2                                      (abs)           00216
_SSP1CON2bits                                  (abs)           00216
_SSP1STAT                                      (abs)           00214
_SSP1STATbits                                  (abs)           00214
_SYSTEM_Initialize                             text9           01C4C
_T1CON                                         (abs)           00018
_T1CONbits                                     (abs)           00018
_T1GCON                                        (abs)           00019
_T1GCONbits                                    (abs)           00019
_TMR0                                          (abs)           00015
_TMR0_CallBack                                 text95          01B65
_TMR0_DefaultInterruptHandler                  text96          01A77
_TMR0_ISR                                      text94          01B09
_TMR0_Initialize                               text13          01C36
_TMR0_InterruptHandler                         nvBANK0         0005C
_TMR0_SetInterruptHandler                      text14          01AF0
_TMR1H                                         (abs)           00017
_TMR1L                                         (abs)           00016
_TMR1_CallBack                                 text92          01B72
_TMR1_ISR                                      text90          01B7F
_TMR1_Initialize                               text11          01C92
_TMR1_InterruptHandler                         nvBANK0         0005E
_TMR1_SetInterruptHandler                      text12          01AF6
_TMR1_WriteTimer                               text91          00800
_TRISA                                         (abs)           0008C
_TRISB                                         (abs)           0008D
_TRISC                                         (abs)           0008E
_TXREG                                         (abs)           0019A
_TXSTA                                         (abs)           0019E
_TXSTAbits                                     (abs)           0019E
_WDTCON                                        (abs)           00097
_WDT_Initialize                                text10          01A9D
_WPUA                                          (abs)           0020C
_WPUB                                          (abs)           0020D
__H_HEFregion_text                             _HEFregion_text 02020
__Habs1                                        abs1            00000
__Hbank0                                       bank0           00000
__Hbank1                                       bank1           00000
__Hbank10                                      bank10          00000
__Hbank11                                      bank11          00000
__Hbank12                                      bank12          00000
__Hbank13                                      bank13          00000
__Hbank14                                      bank14          00000
__Hbank15                                      bank15          00000
__Hbank16                                      bank16          00000
__Hbank17                                      bank17          00000
__Hbank18                                      bank18          00000
__Hbank19                                      bank19          00000
__Hbank2                                       bank2           00000
__Hbank20                                      bank20          00000
__Hbank21                                      bank21          00000
__Hbank22                                      bank22          00000
__Hbank23                                      bank23          00000
__Hbank24                                      bank24          00000
__Hbank25                                      bank25          00000
__Hbank26                                      bank26          00000
__Hbank27                                      bank27          00000
__Hbank28                                      bank28          00000
__Hbank29                                      bank29          00000
__Hbank3                                       bank3           00000
__Hbank30                                      bank30          00000
__Hbank31                                      bank31          00000
__Hbank4                                       bank4           00000
__Hbank5                                       bank5           00000
__Hbank6                                       bank6           00000
__Hbank7                                       bank7           00000
__Hbank8                                       bank8           00000
__Hbank9                                       bank9           00000
__Hbigram                                      bigram          00000
__HbssBANK0                                    bssBANK0        00000
__HbssBANK2                                    bssBANK2        00000
__HbssBANK3                                    bssBANK3        00000
__HbssBANK4                                    bssBANK4        00000
__HbssBANK5                                    bssBANK5        00000
__HbssCOMMON                                   bssCOMMON       00000
__Hcinit                                       cinit           0007B
__Hclrtext                                     clrtext         00000
__Hcode                                        code            00000
__Hcommon                                      common          00000
__Hconfig                                      config          08009
__HcstackBANK0                                 cstackBANK0     00000
__HcstackBANK1                                 cstackBANK1     00000
__HcstackBANK2                                 cstackBANK2     00000
__HcstackBANK3                                 cstackBANK3     00000
__HcstackCOMMON                                cstackCOMMON    00000
__HdataBANK0                                   dataBANK0       00000
__Heeprom_data                                 eeprom_data     00000
__Hend_init                                    end_init        0004A
__Hfunctab                                     functab         00000
__Hheap                                        heap            00000
__HidataBANK0                                  idataBANK0      00000
__Hidloc                                       idloc           08004
__Hinit                                        init            00048
__Hintentry                                    intentry        00048
__Hmaintext                                    maintext        00000
__HnvBANK0                                     nvBANK0         00000
__HnvBANK3                                     nvBANK3         00000
__HnvBANK4                                     nvBANK4         00000
__Hpowerup                                     powerup         00000
__Hram                                         ram             00000
__Hreset_vec                                   reset_vec       00002
__Hsfr0                                        sfr0            00000
__Hsfr1                                        sfr1            00000
__Hsfr10                                       sfr10           00000
__Hsfr11                                       sfr11           00000
__Hsfr12                                       sfr12           00000
__Hsfr13                                       sfr13           00000
__Hsfr14                                       sfr14           00000
__Hsfr15                                       sfr15           00000
__Hsfr16                                       sfr16           00000
__Hsfr17                                       sfr17           00000
__Hsfr18                                       sfr18           00000
__Hsfr19                                       sfr19           00000
__Hsfr2                                        sfr2            00000
__Hsfr20                                       sfr20           00000
__Hsfr21                                       sfr21           00000
__Hsfr22                                       sfr22           00000
__Hsfr23                                       sfr23           00000
__Hsfr24                                       sfr24           00000
__Hsfr25                                       sfr25           00000
__Hsfr26                                       sfr26           00000
__Hsfr27                                       sfr27           00000
__Hsfr28                                       sfr28           00000
__Hsfr29                                       sfr29           00000
__Hsfr3                                        sfr3            00000
__Hsfr30                                       sfr30           00000
__Hsfr31                                       sfr31           00000
__Hsfr4                                        sfr4            00000
__Hsfr5                                        sfr5            00000
__Hsfr6                                        sfr6            00000
__Hsfr7                                        sfr7            00000
__Hsfr8                                        sfr8            00000
__Hsfr9                                        sfr9            00000
__Hspace_0                                     (abs)           02020
__Hspace_1                                     (abs)           002F0
__Hspace_2                                     (abs)           00000
__Hspace_3                                     (abs)           00000
__Hspace_4                                     (abs)           10010
__Hstack                                       stack           00000
__Hstrings                                     strings         00000
__Hstringtext1                                 stringtext1     00000
__Hstringtext2                                 stringtext2     00000
__Hstringtext3                                 stringtext3     00000
__Hstringtext4                                 stringtext4     00000
__Hstringtext5                                 stringtext5     00000
__Hstringtext6                                 stringtext6     00000
__Hstringtext7                                 stringtext7     00000
__Htext                                        text            00000
__L_HEFregion_text                             _HEFregion_text 01FE0
__Labs1                                        abs1            00000
__Lbank0                                       bank0           00000
__Lbank1                                       bank1           00000
__Lbank10                                      bank10          00000
__Lbank11                                      bank11          00000
__Lbank12                                      bank12          00000
__Lbank13                                      bank13          00000
__Lbank14                                      bank14          00000
__Lbank15                                      bank15          00000
__Lbank16                                      bank16          00000
__Lbank17                                      bank17          00000
__Lbank18                                      bank18          00000
__Lbank19                                      bank19          00000
__Lbank2                                       bank2           00000
__Lbank20                                      bank20          00000
__Lbank21                                      bank21          00000
__Lbank22                                      bank22          00000
__Lbank23                                      bank23          00000
__Lbank24                                      bank24          00000
__Lbank25                                      bank25          00000
__Lbank26                                      bank26          00000
__Lbank27                                      bank27          00000
__Lbank28                                      bank28          00000
__Lbank29                                      bank29          00000
__Lbank3                                       bank3           00000
__Lbank30                                      bank30          00000
__Lbank31                                      bank31          00000
__Lbank4                                       bank4           00000
__Lbank5                                       bank5           00000
__Lbank6                                       bank6           00000
__Lbank7                                       bank7           00000
__Lbank8                                       bank8           00000
__Lbank9                                       bank9           00000
__Lbigram                                      bigram          00000
__LbssBANK0                                    bssBANK0        00000
__LbssBANK2                                    bssBANK2        00000
__LbssBANK3                                    bssBANK3        00000
__LbssBANK4                                    bssBANK4        00000
__LbssBANK5                                    bssBANK5        00000
__LbssCOMMON                                   bssCOMMON       00000
__Lcinit                                       cinit           0004A
__Lclrtext                                     clrtext         00000
__Lcode                                        code            00000
__Lcommon                                      common          00000
__Lconfig                                      config          00000
__LcstackBANK0                                 cstackBANK0     00000
__LcstackBANK1                                 cstackBANK1     00000
__LcstackBANK2                                 cstackBANK2     00000
__LcstackBANK3                                 cstackBANK3     00000
__LcstackCOMMON                                cstackCOMMON    00000
__LdataBANK0                                   dataBANK0       00000
__Leeprom_data                                 eeprom_data     00000
__Lend_init                                    end_init        00048
__Lfunctab                                     functab         00000
__Lheap                                        heap            00000
__LidataBANK0                                  idataBANK0      00000
__Lidloc                                       idloc           00000
__Linit                                        init            00048
__Lintentry                                    intentry        00004
__Lmaintext                                    maintext        00000
__LnvBANK0                                     nvBANK0         00000
__LnvBANK3                                     nvBANK3         00000
__LnvBANK4                                     nvBANK4         00000
__Lpowerup                                     powerup         00000
__Lram                                         ram             00000
__Lreset_vec                                   reset_vec       00000
__Lsfr0                                        sfr0            00000
__Lsfr1                                        sfr1            00000
__Lsfr10                                       sfr10           00000
__Lsfr11                                       sfr11           00000
__Lsfr12                                       sfr12           00000
__Lsfr13                                       sfr13           00000
__Lsfr14                                       sfr14           00000
__Lsfr15                                       sfr15           00000
__Lsfr16                                       sfr16           00000
__Lsfr17                                       sfr17           00000
__Lsfr18                                       sfr18           00000
__Lsfr19                                       sfr19           00000
__Lsfr2                                        sfr2            00000
__Lsfr20                                       sfr20           00000
__Lsfr21                                       sfr21           00000
__Lsfr22                                       sfr22           00000
__Lsfr23                                       sfr23           00000
__Lsfr24                                       sfr24           00000
__Lsfr25                                       sfr25           00000
__Lsfr26                                       sfr26           00000
__Lsfr27                                       sfr27           00000
__Lsfr28                                       sfr28           00000
__Lsfr29                                       sfr29           00000
__Lsfr3                                        sfr3            00000
__Lsfr30                                       sfr30           00000
__Lsfr31                                       sfr31           00000
__Lsfr4                                        sfr4            00000
__Lsfr5                                        sfr5            00000
__Lsfr6                                        sfr6            00000
__Lsfr7                                        sfr7            00000
__Lsfr8                                        sfr8            00000
__Lsfr9                                        sfr9            00000
__Lspace_0                                     (abs)           00000
__Lspace_1                                     (abs)           00000
__Lspace_2                                     (abs)           00000
__Lspace_3                                     (abs)           00000
__Lspace_4                                     (abs)           00000
__Lstack                                       stack           00000
__Lstrings                                     strings         00000
__Lstringtext1                                 stringtext1     00000
__Lstringtext2                                 stringtext2     00000
__Lstringtext3                                 stringtext3     00000
__Lstringtext4                                 stringtext4     00000
__Lstringtext5                                 stringtext5     00000
__Lstringtext6                                 stringtext6     00000
__Lstringtext7                                 stringtext7     00000
__Ltext                                        text            00000
__S0                                           (abs)           01FE0
__S1                                           (abs)           002F0
__Umul8_16                                     text27          01D6A
__Umul8_16@multiplicand                        cstackBANK0     0002A
__Umul8_16@multiplier                          cstackBANK0     00032
__Umul8_16@product                             cstackBANK0     0002E
__Umul8_16@word_mpld                           cstackBANK0     00030
___fladd                                       text6           015C8
___fladd@a                                     cstackBANK0     0003C
___fladd@aexp                                  cstackBANK0     00049
___fladd@b                                     cstackBANK0     00038
___fladd@bexp                                  cstackBANK0     0004A
___fladd@grs                                   cstackBANK0     0004B
___fladd@signs                                 cstackBANK0     00048
___fldiv                                       text7           0061F
___fldiv@a                                     cstackBANK1     000BD
___fldiv@aexp                                  cstackBANK1     000D6
___fldiv@b                                     cstackBANK1     000C1
___fldiv@bexp                                  cstackBANK1     000D5
___fldiv@grs                                   cstackBANK1     000D1
___fldiv@new_exp                               cstackBANK1     000CF
___fldiv@rem                                   cstackBANK1     000CA
___fldiv@sign                                  cstackBANK1     000CE
___flge                                        text8           011C7
___flge@ff1                                    cstackBANK0     00038
___flge@ff2                                    cstackBANK0     0003C
___flmul                                       text26          009A4
___flmul@a                                     cstackBANK1     000AC
___flmul@aexp                                  cstackBANK1     000B1
___flmul@b                                     cstackBANK1     000A8
___flmul@bexp                                  cstackBANK1     000B6
___flmul@grs                                   cstackBANK1     000B2
___flmul@prod                                  cstackBANK1     000B7
___flmul@sign                                  cstackBANK1     000B0
___flmul@temp                                  cstackBANK1     000BB
___flsub                                       text5           01ED9
___flsub@a                                     cstackBANK1     000A0
___flsub@b                                     cstackBANK1     000A4
___fltol                                       text2           010D6
___fltol@exp1                                  cstackBANK1     000E1
___fltol@f1                                    cstackBANK1     000D7
___fltol@sign1                                 cstackBANK1     000E0
___heap_hi                                     (abs)           00000
___heap_lo                                     (abs)           00000
___int_sp                                      stack           00000
___latbits                                     (abs)           00002
___sp                                          stack           00000
___stackhi                                     (abs)           00000
___stacklo                                     (abs)           00000
___xxtofl                                      text25          01252
___xxtofl@arg                                  cstackBANK0     00034
___xxtofl@exp                                  cstackBANK0     00033
___xxtofl@sign                                 cstackBANK0     00032
___xxtofl@val                                  cstackBANK0     0002A
__end_of_EUSART_Initialize                     text18          01F94
__end_of_EUSART_SetErrorHandler                text23          01B2B
__end_of_EUSART_SetFramingErrorHandler         text22          01B34
__end_of_EUSART_SetOverrunErrorHandler         text21          01B3D
__end_of_EUSART_SetRxInterruptHandler          text20          01B46
__end_of_EUSART_SetTxInterruptHandler          text19          01B4F
__end_of_FLASH_EraseBlock                      text83          01D05
__end_of_FLASH_ReadWord                        text84          01CE5
__end_of_FLASH_WriteBlock                      text82          010D6
__end_of_HEFregion                             _HEFregion_text 02020
__end_of_I2C_CallbackReturnReset               text64          00004
__end_of_I2C_CallbackReturnStop                text65          01A7A
__end_of_I2C_Close                             text77          01D26
__end_of_I2C_DO_ADDRESS_NACK                   text41          01E73
__end_of_I2C_DO_IDLE                           text55          01AA6
__end_of_I2C_DO_RCEN                           text50          01B09
__end_of_I2C_DO_RESET                          text42          01ACE
__end_of_I2C_DO_RX                             text51          01FE0
__end_of_I2C_DO_RX_ACK                         text45          01ABF
__end_of_I2C_DO_RX_NACK_RESTART                text43          01AC9
__end_of_I2C_DO_RX_NACK_STOP                   text44          01AC4
__end_of_I2C_DO_SEND_ADR_READ                  text54          01B22
__end_of_I2C_DO_SEND_ADR_WRITE                 text53          01B19
__end_of_I2C_DO_SEND_RESTART                   text47          01AB5
__end_of_I2C_DO_SEND_RESTART_READ              text49          01AAB
__end_of_I2C_DO_SEND_RESTART_WRITE             text48          01AB0
__end_of_I2C_DO_SEND_STOP                      text46          01ABA
__end_of_I2C_DO_TX                             text52          01068
__end_of_I2C_DO_TX_EMPTY                       text56          01EA5
__end_of_I2C_Initialize                        text17          01B59
__end_of_I2C_MasterClearIrq                    text80          01A7D
__end_of_I2C_MasterClose                       text79          01A80
__end_of_I2C_MasterDisableIrq                  text78          01A83
__end_of_I2C_MasterEnableRestart               text75          01A89
__end_of_I2C_MasterFsm                         text40          01E13
__end_of_I2C_MasterGetRxData                   text61          01A92
__end_of_I2C_MasterIsNack                      text58          01AE4
__end_of_I2C_MasterOpen                        text35          01BB5
__end_of_I2C_MasterOperation                   text37          01D6A
__end_of_I2C_MasterRead                        text36          01AD3
__end_of_I2C_MasterSendAck                     text60          01A9D
__end_of_I2C_MasterSendNack                    text62          01A99
__end_of_I2C_MasterSendTxData                  text59          01ADE
__end_of_I2C_MasterSetIrq                      text57          01A95
__end_of_I2C_MasterStart                       text76          01A86
__end_of_I2C_MasterStartRx                     text63          01A8F
__end_of_I2C_MasterStop                        text74          01A8C
__end_of_I2C_MasterWaitForEvent                text39          01AEA
__end_of_I2C_MasterWrite                       text31          01AD8
__end_of_I2C_Open                              text34          01F50
__end_of_I2C_Poller                            text38          01B99
__end_of_I2C_ReadNBytes                        text33          01D47
__end_of_I2C_SetAddressNackCallback            text30          01BC3
__end_of_I2C_SetBuffer                         text73          01C79
__end_of_I2C_SetCallback                       text72          007FE
__end_of_I2C_SetDataCompleteCallback           text71          01BA7
__end_of_I2C_WriteNBytes                       text29          01DB7
__end_of_INTERRUPT_InterruptManager            intentry        00048
__end_of_InitModbusSlave                       text81          01C36
__end_of_Lg1                                   stringtext5     01830
__end_of_Lg2                                   stringtext4     0182C
__end_of_Lg3                                   stringtext3     01828
__end_of_Lg4                                   stringtext2     01824
__end_of_MCP3422_Read                          text32          01BD5
__end_of_MCP3422_ReadVoltage                   text24          011C7
__end_of_MCP3422_Write                         text28          0100F
__end_of_ModbusSlaveProcessReceivedQuery       text88          015C8
__end_of_OSCILLATOR_Initialize                 text16          01AF0
__end_of_PIN_MANAGER_Initialize                text15          01C92
__end_of_SYSTEM_Initialize                     text9           01C62
__end_of_TMR0_CallBack                         text95          01B72
__end_of_TMR0_DefaultInterruptHandler          text96          01A78
__end_of_TMR0_ISR                              text94          01B11
__end_of_TMR0_Initialize                       text13          01C4C
__end_of_TMR0_SetInterruptHandler              text14          01AF6
[...]
__ptext12                                      text12          01AF6
__ptext13                                      text13          01C36
__ptext14                                      text14          01AF0
__ptext15                                      text15          01C79
__ptext16                                      text16          01AEA
__ptext17                                      text17          01B4F
__ptext18                                      text18          01F50
__ptext19                                      text19          01B46
__ptext2                                       text2           010D6
__ptext20                                      text20          01B3D
__ptext21                                      text21          01B34
__ptext22                                      text22          01B2B
__ptext23                                      text23          01B22
__ptext24                                      text24          0114B
__ptext25                                      text25          01252
__ptext26                                      text26          009A4
__ptext27                                      text27          01D6A
__ptext28                                      text28          01000
__ptext29                                      text29          01D8E
__ptext3                                       text3           00811
__ptext30                                      text30          01BB5
__ptext31                                      text31          01AD3
__ptext32                                      text32          01BC3
__ptext33                                      text33          01D26
__ptext34                                      text34          01F0F
__ptext35                                      text35          01BA7
__ptext36                                      text36          01ACE
__ptext37                                      text37          01D47
__ptext38                                      text38          01B8C
__ptext39                                      text39          01AE4
__ptext4                                       text4           0007B
__ptext40                                      text40          01DE5
__ptext41                                      text41          01E42
__ptext42                                      text42          01AC9
__ptext43                                      text43          01AC4
__ptext44                                      text44          01ABF
__ptext45                                      text45          01ABA
__ptext46                                      text46          01AB5
__ptext47                                      text47          01AB0
__ptext48                                      text48          01AAB
__ptext49                                      text49          01AA6
__ptext5                                       text5           01ED9
__ptext50                                      text50          01B02
__ptext51                                      text51          01F94
__ptext52                                      text52          0100F
__ptext53                                      text53          01B11
__ptext54                                      text54          01B19
__ptext55                                      text55          01AA1
__ptext56                                      text56          01E73
__ptext57                                      text57          01A92
__ptext58                                      text58          01ADE
__ptext59                                      text59          01AD8
__ptext6                                       text6           015C8
__ptext60                                      text60          01A99
__ptext61                                      text61          01A8F
__ptext62                                      text62          01A95
__ptext63                                      text63          01A8C
__ptext64                                      text64          00002
__ptext65                                      text65          01A78
__ptext66                                      text66          01CAB
__ptext67                                      text67          01C0E
__ptext68                                      text68          01BFB
__ptext69                                      text69          01BE8
__ptext7                                       text7           0061F
__ptext70                                      text70          01BD5
__ptext71                                      text71          01B99
__ptext72                                      text72          007D3
__ptext73                                      text73          01C62
__ptext74                                      text74          01A89
__ptext75                                      text75          01A86
__ptext76                                      text76          01A83
__ptext77                                      text77          01D05
__ptext78                                      text78          01A80
__ptext79                                      text79          01A7D
__ptext8                                       text8           011C7
__ptext80                                      text80          01A7A
__ptext81                                      text81          01C21
__ptext82                                      text82          01068
__ptext83                                      text83          01CE5
__ptext84                                      text84          01CC5
__ptext86                                      text86          01E13
__ptext87                                      text87          01EA5
__ptext88                                      text88          01418
__ptext89                                      text89          01DB7
__ptext9                                       text9           01C4C
__ptext90                                      text90          01B7F
__ptext91                                      text91          00800
__ptext92                                      text92          01B72
__ptext93                                      text93          01B59
__ptext94                                      text94          01B09
__ptext95                                      text95          01B65
__ptext96                                      text96          01A77
_bCalMode                                      bssBANK3        001D1
_calculate_crc                                 text89          01DB7
_crcModbusSlave                                dataBANK0       00064
_errno                                         bssBANK2        0016E
_eusartRxBuffer                                bssBANK4        0024D
_eusartRxCount                                 bssCOMMON       0007C
_eusartRxHead                                  bssBANK0        00059
_eusartRxLastError                             bssBANK0        00058
_eusartRxStatusBuffer                          bssBANK4        0023D
_eusartRxTail                                  bssCOMMON       0007D
_eusartTxBuffer                                bssBANK5        002A0
_eusartTxBufferRemaining                       nvBANK0         00063
_eusartTxHead                                  bssBANK0        0005B
_eusartTxTail                                  bssBANK0        0005A
_get_ntc_temperature                           text3           00811
_get_ntc_temperature$2276                      cstackBANK2     00166
_i2c_fsmStateTable                             stringtext1     01800
_logf                                          text4           0007B
_logf$2277                                     cstackBANK2     00152
_logf$2278                                     cstackBANK2     0012C
_logf$2279                                     cstackBANK2     00130
_logf$2280                                     cstackBANK2     00134
_logf$2281                                     cstackBANK2     00138
_main                                          maintext        00C9D
_map                                           text1           012FF
_map$2275                                      cstackBANK1     000EA
_mbus_rx_handler                               text87          01EA5
_mbus_timer_handler                            text93          01B59
_mbus_tx_handler                               text86          01E13
_modbusSlaveData                               bssBANK3        001A0
_rd1RegCompleteHandler                         text69          01BE8
_rd2RegCompleteHandler                         text68          01BFB
_rdBlkRegCompleteHandler                       text66          01CAB
_tempNTC                                       bssBANK3        001CD
_timer0ReloadVal                               nvBANK0         00062
_timer1ReloadVal                               nvBANK0         00060
_wr1RegCompleteHandler                         text67          01C0E
_wr2RegCompleteHandler                         text70          01BD5
btemp                                          (abs)           0007E
calculate_crc@crcbit                           cstackCOMMON    00073
calculate_crc@crcreg                           cstackCOMMON    00072
calculate_crc@i                                cstackCOMMON    00075
clear_ram0                                     clrtext         01AFC
end_of_initialization                          cinit           00077
get_ntc_temperature@adcVoltage                 cstackBANK1     000E3
get_ntc_temperature@rntc                       cstackBANK2     00162
get_ntc_temperature@temp                       cstackBANK2     0016A
int$flags                                      (abs)           0007E
intlevel0                                      functab         00000
intlevel1                                      functab         00000
intlevel2                                      functab         00000
intlevel3                                      functab         00000
intlevel4                                      functab         00000
intlevel5                                      functab         00000
logf@F472                                      bssBANK0        00051
logf@R                                         cstackBANK2     00120
logf@dk                                        cstackBANK2     00142
logf@f                                         cstackBANK2     0015A
logf@hfsq                                      cstackBANK2     0013E
logf@ix                                        cstackBANK2     0015E
logf@k                                         cstackBANK2     0013C
logf@s                                         cstackBANK2     00146
logf@t1                                        cstackBANK2     00124
logf@t2                                        cstackBANK2     00128
logf@u                                         cstackBANK2     00156
logf@w                                         cstackBANK2     0014E
logf@x                                         cstackBANK1     000D7
logf@z                                         cstackBANK2     0014A
main@fNtcVoltage                               cstackBANK3     001D4
main@fTdVoltage                                cstackBANK3     001E8
main@u16CalBuffer                              cstackBANK3     001D8
main@u16TdVal                                  cstackBANK3     001D2
map@in_max                                     cstackBANK2     00128
map@in_min                                     cstackBANK2     00124
map@out_max                                    cstackBANK2     00130
map@out_min                                    cstackBANK2     0012C
map@x                                          cstackBANK2     00120
rd1RegCompleteHandler@ptr                      cstackBANK0     00033
rd2RegCompleteHandler@ptr                      cstackBANK0     00033
rdBlkRegCompleteHandler@ptr                    cstackBANK0     00033
reset_vec                                      reset_vec       00000
start                                          init            00048
start_initialization                           cinit           0004A
wr1RegCompleteHandler@ptr                      cstackBANK0     00033
wr2RegCompleteHandler@ptr                      cstackBANK0     00033
wtemp0                                         (abs)           0007E


MODULE INFORMATION

Module		Function		Class		Link	Load	Size
C:\Program Files\Microchip\xc8\v2.36\pic\sources\c99\common\logf.c
		_logf          		CODE           	007B	0000	1444

C:\Program Files\Microchip\xc8\v2.36\pic\sources\c99\common\logf.c estimated size: 1444

C:\Program Files\Microchip\xc8\v2.36\pic\sources\c99\common\sprcmul.c
		___flmul       		CODE           	09A4	0000	761

C:\Program Files\Microchip\xc8\v2.36\pic\sources\c99\common\sprcmul.c estimated size: 761

C:\Program Files\Microchip\xc8\v2.36\pic\sources\c99\common\sprcdiv.c
		___fldiv       		CODE           	061F	0000	436

C:\Program Files\Microchip\xc8\v2.36\pic\sources\c99\common\sprcdiv.c estimated size: 436

mcc_generated_files/interrupt_manager.c
		_INTERRUPT_InterruptManager		CODE           	0004	0000	68

mcc_generated_files/interrupt_manager.c estimated size: 68

mcc_generated_files/examples/i2c_master_example.c
		_wr1RegCompleteHandler		CODE           	1C0E	0000	19
		_wr2RegCompleteHandler		CODE           	1BD5	0000	19
		_rdBlkRegCompleteHandler		CODE           	1CAB	0000	26
		_rd1RegCompleteHandler		CODE           	1BE8	0000	19
		_rd2RegCompleteHandler		CODE           	1BFB	0000	19
		_I2C_ReadNBytes		CODE           	1D26	0000	33
		_I2C_WriteNBytes		CODE           	1D8E	0000	41

mcc_generated_files/examples/i2c_master_example.c estimated size: 176

mcc_generated_files/tmr0.c
		_TMR0_SetInterruptHandler		CODE           	1AF0	0000	6
		_TMR0_DefaultInterruptHandler		CODE           	1A77	0000	1
		_TMR0_CallBack 		CODE           	1B65	0000	13
		_TMR0_ISR      		CODE           	1B09	0000	8
		_TMR0_Initialize		CODE           	1C36	0000	22

mcc_generated_files/tmr0.c estimated size: 50

mcc_generated_files/pin_manager.c
		_PIN_MANAGER_Initialize		CODE           	1C79	0000	25

mcc_generated_files/pin_manager.c estimated size: 25

C:\Program Files\Microchip\xc8\v2.36\pic\sources\c99\common\xxtofl.c
		___xxtofl      		CODE           	1252	0000	173

C:\Program Files\Microchip\xc8\v2.36\pic\sources\c99\common\xxtofl.c estimated size: 173

C:\Program Files\Microchip\xc8\v2.36\pic\sources\c99\common\Umul8_16.c
		__Umul8_16     		CODE           	1D6A	0000	36

C:\Program Files\Microchip\xc8\v2.36\pic\sources\c99\common\Umul8_16.c estimated size: 36

modbus_slave.c
		_mbus_timer_handler		CODE           	1B59	0000	12
		_ModbusSlaveProcessReceivedQuery		CODE           	1418	0000	432
		_InitModbusSlave		CODE           	1C21	0000	21
		_calculate_crc 		CODE           	1DB7	0000	46
		_mbus_tx_handler		CODE           	1E13	0000	47
		_mbus_rx_handler		CODE           	1EA5	0000	52

modbus_slave.c estimated size: 610

C:\Program Files\Microchip\xc8\v2.36\pic\sources\c99\common\sprcadd.c
		___flsub       		CODE           	1ED9	0000	54
		___fladd       		CODE           	15C8	0000	568

C:\Program Files\Microchip\xc8\v2.36\pic\sources\c99\common\sprcadd.c estimated size: 622

C:\Program Files\Microchip\xc8\v2.36\pic\sources\c99\common\fltol.c
		___fltol       		CODE           	10D6	0000	117

C:\Program Files\Microchip\xc8\v2.36\pic\sources\c99\common\fltol.c estimated size: 117

shared
		_HEFregion     		STRCODE        	1FE0	0000	64
		_Lg1           		STRCODE        	0000	0000	0
		_Lg2           		STRCODE        	0000	0000	0
		_Lg3           		STRCODE        	0000	0000	0
		_Lg4           		STRCODE        	0000	0000	0
		__initialization		CODE           	004A	0000	45
		_ln2_lo        		STRCODE        	0000	0000	0
		_ln2_hi        		STRCODE        	0000	0000	0
		_i2c_fsmStateTable		STRCODE        	1800	0000	32

shared estimated size: 141

mcc_generated_files/mcc.c
		_WDT_Initialize		CODE           	1A9D	0000	4
		_OSCILLATOR_Initialize		CODE           	1AEA	0000	6
		_SYSTEM_Initialize		CODE           	1C4C	0000	22

mcc_generated_files/mcc.c estimated size: 32

C:\Program Files\Microchip\xc8\v2.36\pic\sources\c99\common\flge.c
		___flge        		CODE           	11C7	0000	139

C:\Program Files\Microchip\xc8\v2.36\pic\sources\c99\common\flge.c estimated size: 139

mcc_generated_files/tmr1.c
		_TMR1_Initialize		CODE           	1C92	0000	25
		_TMR1_SetInterruptHandler		CODE           	1AF6	0000	6
		_TMR1_CallBack 		CODE           	1B72	0000	13
		_TMR1_WriteTimer		CODE           	0800	0000	17
		_TMR1_ISR      		CODE           	1B7F	0000	13

mcc_generated_files/tmr1.c estimated size: 74

mcc_generated_files/memory.c
		_FLASH_EraseBlock		CODE           	1CE5	0000	32
		_FLASH_ReadWord		CODE           	1CC5	0000	32
		_FLASH_WriteBlock		CODE           	1068	0000	110

mcc_generated_files/memory.c estimated size: 174

mcc_generated_files/i2c_master.c
		_I2C_Close     		CODE           	1D05	0000	33
		_I2C_MasterStartRx		CODE           	1A8C	0000	3
		_I2C_DO_SEND_ADR_WRITE		CODE           	1B11	0000	8
		_I2C_MasterWaitForEvent		CODE           	1AE4	0000	6
		_I2C_DO_SEND_STOP		CODE           	1AB5	0000	5
		_I2C_MasterSendNack		CODE           	1A95	0000	4
		_I2C_MasterDisableIrq		CODE           	1A80	0000	3
		_I2C_CallbackReturnStop		CODE           	1A78	0000	2
		_I2C_MasterOperation		CODE           	1D47	0000	35
		_I2C_DO_SEND_ADR_READ		CODE           	1B19	0000	9
		_I2C_DO_RX_NACK_STOP		CODE           	1ABF	0000	5
		_I2C_DO_SEND_RESTART		CODE           	1AB0	0000	5
		_I2C_DO_RX     		CODE           	1F94	0000	76
		_I2C_DO_TX     		CODE           	100F	0000	89
		_I2C_DO_IDLE   		CODE           	1AA1	0000	5
		_I2C_DO_RCEN   		CODE           	1B02	0000	7
		_I2C_Poller    		CODE           	1B8C	0000	13
		_I2C_DO_RESET  		CODE           	1AC9	0000	5
		_I2C_MasterClose		CODE           	1A7D	0000	3
		_I2C_MasterWrite		CODE           	1AD3	0000	5
		_I2C_DO_RX_ACK 		CODE           	1ABA	0000	5
		_I2C_MasterStart		CODE           	1A83	0000	3
		_I2C_MasterClearIrq		CODE           	1A7A	0000	3
		_I2C_MasterGetRxData		CODE           	1A8F	0000	3
		_I2C_SetCallback		CODE           	07D3	0000	43
		_I2C_DO_ADDRESS_NACK		CODE           	1E42	0000	49
		_I2C_MasterEnableRestart		CODE           	1A86	0000	3
		_I2C_CallbackReturnReset		CODE           	0002	0000	2
		_I2C_Open      		CODE           	1F0F	0000	65
		_I2C_SetAddressNackCallback		CODE           	1BB5	0000	14
		_I2C_DO_TX_EMPTY		CODE           	1E73	0000	50
		_I2C_DO_SEND_RESTART_WRITE		CODE           	1AAB	0000	5
		_I2C_MasterIsNack		CODE           	1ADE	0000	6
		_I2C_SetDataCompleteCallback		CODE           	1B99	0000	14
		_I2C_DO_RX_NACK_RESTART		CODE           	1AC4	0000	5
		_I2C_MasterSendAck		CODE           	1A99	0000	4
		_I2C_MasterFsm 		CODE           	1DE5	0000	46
		_I2C_MasterSetIrq		CODE           	1A92	0000	3
		_I2C_DO_SEND_RESTART_READ		CODE           	1AA6	0000	5
		_I2C_Initialize		CODE           	1B4F	0000	10
		_I2C_SetBuffer 		CODE           	1C62	0000	23
		_I2C_MasterRead		CODE           	1ACE	0000	5
		_I2C_MasterOpen		CODE           	1BA7	0000	14
		_I2C_MasterSendTxData		CODE           	1AD8	0000	6
		_I2C_MasterStop		CODE           	1A89	0000	3

mcc_generated_files/i2c_master.c estimated size: 710

mcc_generated_files/eusart.c
		_EUSART_SetRxInterruptHandler		CODE           	1B3D	0000	9
		_EUSART_SetTxInterruptHandler		CODE           	1B46	0000	9
		_EUSART_Initialize		CODE           	1F50	0000	68
		_EUSART_SetFramingErrorHandler		CODE           	1B2B	0000	9
		_EUSART_SetErrorHandler		CODE           	1B22	0000	9
		_EUSART_SetOverrunErrorHandler		CODE           	1B34	0000	9

mcc_generated_files/eusart.c estimated size: 113

main.c
		_map           		CODE           	12FF	0000	281
		_main          		CODE           	0C9D	0000	867
		_MCP3422_ReadVoltage		CODE           	114B	0000	124
		_get_ntc_temperature		CODE           	0811	0000	403
		_MCP3422_Read  		CODE           	1BC3	0000	18
		_MCP3422_Write 		CODE           	1000	0000	15

main.c estimated size: 1708

